###############################################################################
#
# IAR ELF Linker V7.40.3.8902/W32 for ARM                 24/Aug/2018  13:44:47
# Copyright 2007-2015 IAR Systems AB.
#
#    Output file  =  
#        C:\Users\SKY\Desktop\My
#        Document\程序\2018智能车国赛—电磁高车\Prj\IAR\DZ10_Debug\Exe\vcan_Kinetis.out
#    Map file     =  
#        C:\Users\SKY\Desktop\My
#        Document\程序\2018智能车国赛—电磁高车\Prj\IAR\DZ10_Debug\List\vcan_Kinetis.map
#    Command line =  
#        "C:\Users\SKY\Desktop\My
#        Document\程序\2018智能车国赛—电磁高车\Prj\IAR\DZ10_Debug\Obj\AD.o"
#        "C:\Users\SKY\Desktop\My
#        Document\程序\2018智能车国赛—电磁高车\Prj\IAR\DZ10_Debug\Obj\define.o"
#        "C:\Users\SKY\Desktop\My
#        Document\程序\2018智能车国赛—电磁高车\Prj\IAR\DZ10_Debug\Obj\diskio.o"
#        "C:\Users\SKY\Desktop\My
#        Document\程序\2018智能车国赛—电磁高车\Prj\IAR\DZ10_Debug\Obj\ff.o"
#        "C:\Users\SKY\Desktop\My
#        Document\程序\2018智能车国赛—电磁高车\Prj\IAR\DZ10_Debug\Obj\FUZZ.o"
#        "C:\Users\SKY\Desktop\My
#        Document\程序\2018智能车国赛—电磁高车\Prj\IAR\DZ10_Debug\Obj\main.o"
#        "C:\Users\SKY\Desktop\My
#        Document\程序\2018智能车国赛—电磁高车\Prj\IAR\DZ10_Debug\Obj\misc.o"
#        "C:\Users\SKY\Desktop\My
#        Document\程序\2018智能车国赛—电磁高车\Prj\IAR\DZ10_Debug\Obj\MK60_adc.o"
#        "C:\Users\SKY\Desktop\My
#        Document\程序\2018智能车国赛—电磁高车\Prj\IAR\DZ10_Debug\Obj\MK60_can.o"
#        "C:\Users\SKY\Desktop\My
#        Document\程序\2018智能车国赛—电磁高车\Prj\IAR\DZ10_Debug\Obj\MK60_conf.o"
#        "C:\Users\SKY\Desktop\My
#        Document\程序\2018智能车国赛—电磁高车\Prj\IAR\DZ10_Debug\Obj\MK60_dac.o"
#        "C:\Users\SKY\Desktop\My
#        Document\程序\2018智能车国赛—电磁高车\Prj\IAR\DZ10_Debug\Obj\MK60_dma.o"
#        "C:\Users\SKY\Desktop\My
#        Document\程序\2018智能车国赛—电磁高车\Prj\IAR\DZ10_Debug\Obj\MK60_DWT.o"
#        "C:\Users\SKY\Desktop\My
#        Document\程序\2018智能车国赛—电磁高车\Prj\IAR\DZ10_Debug\Obj\MK60_flash.o"
#        "C:\Users\SKY\Desktop\My
#        Document\程序\2018智能车国赛—电磁高车\Prj\IAR\DZ10_Debug\Obj\MK60_flexbus.o"
#        "C:\Users\SKY\Desktop\My
#        Document\程序\2018智能车国赛—电磁高车\Prj\IAR\DZ10_Debug\Obj\MK60_ftm.o"
#        "C:\Users\SKY\Desktop\My
#        Document\程序\2018智能车国赛—电磁高车\Prj\IAR\DZ10_Debug\Obj\MK60_gpio.o"
#        "C:\Users\SKY\Desktop\My
#        Document\程序\2018智能车国赛—电磁高车\Prj\IAR\DZ10_Debug\Obj\MK60_i2c.o"
#        "C:\Users\SKY\Desktop\My
#        Document\程序\2018智能车国赛—电磁高车\Prj\IAR\DZ10_Debug\Obj\MK60_it.o"
#        "C:\Users\SKY\Desktop\My
#        Document\程序\2018智能车国赛—电磁高车\Prj\IAR\DZ10_Debug\Obj\MK60_lptmr.o"
#        "C:\Users\SKY\Desktop\My
#        Document\程序\2018智能车国赛—电磁高车\Prj\IAR\DZ10_Debug\Obj\MK60_mcg.o"
#        "C:\Users\SKY\Desktop\My
#        Document\程序\2018智能车国赛—电磁高车\Prj\IAR\DZ10_Debug\Obj\MK60_PIT.o"
#        "C:\Users\SKY\Desktop\My
#        Document\程序\2018智能车国赛—电磁高车\Prj\IAR\DZ10_Debug\Obj\MK60_port.o"
#        "C:\Users\SKY\Desktop\My
#        Document\程序\2018智能车国赛—电磁高车\Prj\IAR\DZ10_Debug\Obj\MK60_rtc.o"
#        "C:\Users\SKY\Desktop\My
#        Document\程序\2018智能车国赛—电磁高车\Prj\IAR\DZ10_Debug\Obj\MK60_sdhc.o"
#        "C:\Users\SKY\Desktop\My
#        Document\程序\2018智能车国赛—电磁高车\Prj\IAR\DZ10_Debug\Obj\MK60_spi.o"
#        "C:\Users\SKY\Desktop\My
#        Document\程序\2018智能车国赛—电磁高车\Prj\IAR\DZ10_Debug\Obj\MK60_SysTick.o"
#        "C:\Users\SKY\Desktop\My
#        Document\程序\2018智能车国赛—电磁高车\Prj\IAR\DZ10_Debug\Obj\MK60_uart.o"
#        "C:\Users\SKY\Desktop\My
#        Document\程序\2018智能车国赛—电磁高车\Prj\IAR\DZ10_Debug\Obj\MK60_usb.o"
#        "C:\Users\SKY\Desktop\My
#        Document\程序\2018智能车国赛—电磁高车\Prj\IAR\DZ10_Debug\Obj\MK60_wdog.o"
#        "C:\Users\SKY\Desktop\My
#        Document\程序\2018智能车国赛—电磁高车\Prj\IAR\DZ10_Debug\Obj\motor.o"
#        "C:\Users\SKY\Desktop\My
#        Document\程序\2018智能车国赛—电磁高车\Prj\IAR\DZ10_Debug\Obj\picture.o"
#        "C:\Users\SKY\Desktop\My
#        Document\程序\2018智能车国赛—电磁高车\Prj\IAR\DZ10_Debug\Obj\startup_MK60DZ10.o"
#        "C:\Users\SKY\Desktop\My
#        Document\程序\2018智能车国赛—电磁高车\Prj\IAR\DZ10_Debug\Obj\steer.o"
#        "C:\Users\SKY\Desktop\My
#        Document\程序\2018智能车国赛—电磁高车\Prj\IAR\DZ10_Debug\Obj\system_MK60DZ10.o"
#        "C:\Users\SKY\Desktop\My
#        Document\程序\2018智能车国赛—电磁高车\Prj\IAR\DZ10_Debug\Obj\USB.o"
#        "C:\Users\SKY\Desktop\My
#        Document\程序\2018智能车国赛—电磁高车\Prj\IAR\DZ10_Debug\Obj\USB_CDC.o"
#        "C:\Users\SKY\Desktop\My
#        Document\程序\2018智能车国赛—电磁高车\Prj\IAR\DZ10_Debug\Obj\VCAN_ASCII.o"
#        "C:\Users\SKY\Desktop\My
#        Document\程序\2018智能车国赛—电磁高车\Prj\IAR\DZ10_Debug\Obj\VCAN_BMP.o"
#        "C:\Users\SKY\Desktop\My
#        Document\程序\2018智能车国赛—电磁高车\Prj\IAR\DZ10_Debug\Obj\vcan_img2sd.o"
#        "C:\Users\SKY\Desktop\My
#        Document\程序\2018智能车国赛—电磁高车\Prj\IAR\DZ10_Debug\Obj\VCAN_key.o"
#        "C:\Users\SKY\Desktop\My
#        Document\程序\2018智能车国赛—电磁高车\Prj\IAR\DZ10_Debug\Obj\VCAN_key_event.o"
#        "C:\Users\SKY\Desktop\My
#        Document\程序\2018智能车国赛—电磁高车\Prj\IAR\DZ10_Debug\Obj\VCAN_LCD.o"
#        "C:\Users\SKY\Desktop\My
#        Document\程序\2018智能车国赛—电磁高车\Prj\IAR\DZ10_Debug\Obj\VCAN_LCD_CH.o"
#        "C:\Users\SKY\Desktop\My
#        Document\程序\2018智能车国赛—电磁高车\Prj\IAR\DZ10_Debug\Obj\VCAN_LCD_ILI9341.o"
#        "C:\Users\SKY\Desktop\My
#        Document\程序\2018智能车国赛—电磁高车\Prj\IAR\DZ10_Debug\Obj\VCAN_LCD_ST7735R.o"
#        "C:\Users\SKY\Desktop\My
#        Document\程序\2018智能车国赛—电磁高车\Prj\IAR\DZ10_Debug\Obj\VCAN_LCD_ST7735S.o"
#        "C:\Users\SKY\Desktop\My
#        Document\程序\2018智能车国赛—电磁高车\Prj\IAR\DZ10_Debug\Obj\VCAN_LED.o"
#        "C:\Users\SKY\Desktop\My
#        Document\程序\2018智能车国赛—电磁高车\Prj\IAR\DZ10_Debug\Obj\VCAN_MMA7455.o"
#        "C:\Users\SKY\Desktop\My
#        Document\程序\2018智能车国赛—电磁高车\Prj\IAR\DZ10_Debug\Obj\VCAN_NRF24L0.o"
#        "C:\Users\SKY\Desktop\My
#        Document\程序\2018智能车国赛—电磁高车\Prj\IAR\DZ10_Debug\Obj\VCAN_NRF24L0_MSG.o"
#        "C:\Users\SKY\Desktop\My
#        Document\程序\2018智能车国赛—电磁高车\Prj\IAR\DZ10_Debug\Obj\VCAN_OV7725_Eagle.o"
#        "C:\Users\SKY\Desktop\My
#        Document\程序\2018智能车国赛—电磁高车\Prj\IAR\DZ10_Debug\Obj\VCAN_OV7725_Wolf.o"
#        "C:\Users\SKY\Desktop\My
#        Document\程序\2018智能车国赛—电磁高车\Prj\IAR\DZ10_Debug\Obj\VCAN_RTC_count.o"
#        "C:\Users\SKY\Desktop\My
#        Document\程序\2018智能车国赛—电磁高车\Prj\IAR\DZ10_Debug\Obj\VCAN_SCCB.o"
#        "C:\Users\SKY\Desktop\My
#        Document\程序\2018智能车国赛—电磁高车\Prj\IAR\DZ10_Debug\Obj\vcan_sd_app.o"
#        "C:\Users\SKY\Desktop\My
#        Document\程序\2018智能车国赛—电磁高车\Prj\IAR\DZ10_Debug\Obj\Vcan_touch.o"
#        "C:\Users\SKY\Desktop\My
#        Document\程序\2018智能车国赛—电磁高车\Prj\IAR\DZ10_Debug\Obj\VCAN_TSL1401.o"
#        "C:\Users\SKY\Desktop\My
#        Document\程序\2018智能车国赛—电磁高车\Prj\IAR\DZ10_Debug\Obj\VCAN_UI_VAR.o"
#        "C:\Users\SKY\Desktop\My
#        Document\程序\2018智能车国赛—电磁高车\Prj\IAR\DZ10_Debug\Obj\vectors.o"
#        --redirect _Printf=_PrintfLargeNoMb --redirect _Scanf=_ScanfLargeNoMb
#        -o "C:\Users\SKY\Desktop\My
#        Document\程序\2018智能车国赛—电磁高车\Prj\IAR\DZ10_Debug\Exe\vcan_Kinetis.out"
#        --map "C:\Users\SKY\Desktop\My
#        Document\程序\2018智能车国赛—电磁高车\Prj\IAR\DZ10_Debug\List\vcan_Kinetis.map"
#        --config "C:\Users\SKY\Desktop\My
#        Document\程序\2018智能车国赛—电磁高车\Prj\IAR\config
#        files\vcan_ROM_K60N512.icf" "C:\Users\SKY\Desktop\My
#        Document\程序\2018智能车国赛—电磁高车\Prj\IAR\..\..\Lib\CMSIS\iar_cortexM4l_math.a"
#        --entry __iar_program_start --vfe
#
###############################################################################

*******************************************************************************
*** RUNTIME MODEL ATTRIBUTES
***

CppFlavor       = *
__SystemLibrary = DLib


*******************************************************************************
*** PLACEMENT SUMMARY
***

"A1":  place at 0x00000000 { ro section .intvec };
"A2":  place at 0x00000410 { ro section .noinit };
"P1":  place in [from 0x00000000 to 0x00080000] { ro, block CodeRelocate };
"P2":  place in [from 0x1fff0410 to 0x20010000] {
          rw, block CodeRelocateRam, block CSTACK, block HEAP };

  Section              Kind        Address    Size  Object
  -------              ----        -------    ----  ------
"A1":                                        0x410
  .intvec              const    0x00000000   0x410  vectors.o [1]
                              - 0x00000410   0x410

"A2":                                          0x8
  .noinit              ro code  0x00000410     0x8  startup_MK60DZ10.o [1]
                              - 0x00000418     0x8

"P1":                                       0xd674
  .text                ro code  0x00000418  0x1c2c  VCAN_LCD_ST7735S.o [1]
  .text                ro code  0x00002044   0x184  MK60_gpio.o [1]
  .text                ro code  0x000021c8    0xb0  MK60_port.o [1]
  .text                ro code  0x00002278    0x64  MK60_SysTick.o [1]
  Veneer               ro code  0x000022dc     0x8  - Linker created -
  Veneer               ro code  0x000022e4     0x8  - Linker created -
  .text                ro code  0x000022ec   0x140  MK60_conf.o [1]
  .text                ro code  0x0000242c    0x70  VCAN_LED.o [1]
  .text                ro code  0x0000249c    0x24  printf.o [3]
  .text                ro code  0x000024c0   0x248  MK60_uart.o [1]
  .text                ro code  0x00002708   0x220  VCAN_key.o [1]
  .text                ro code  0x00002928   0xbf6  xprintflarge_nomb.o [3]
  .rodata              const    0x0000351e     0x2  picture.o [1]
  .text                ro code  0x00003520    0x16  strchr.o [5]
  .text                ro code  0x00003538    0x36  strlen.o [5]
  .text                ro code  0x00003570    0x58  memchr.o [5]
  .text                ro code  0x000035c8    0xee  I64DivMod.o [5]
  .text                ro code  0x000036b8    0x76  ABImemcpy_unaligned.o [5]
  .text                ro code  0x0000372e    0x42  xdnorm.o [4]
  .text                ro code  0x00003770    0x2e  DblCmpLe.o [4]
  .text                ro code  0x000037a0   0x1a2  DblMul.o [4]
  .text                ro code  0x00003944   0x256  DblDiv.o [4]
  .text                ro code  0x00003b9c    0x2c  DblToI32.o [4]
  .text                ro code  0x00003bc8    0x30  I32ToDbl.o [4]
  .text                ro code  0x00003bf8   0x180  DblSub.o [4]
  .text                ro code  0x00003d78    0x6c  localeconv.o [3]
  .text                ro code  0x00003de4     0xe  div.o [3]
  .text                ro code  0x00003df4     0x2  I64DivZer.o [5]
  .text                ro code  0x00003df8    0xd4  DblAdd.o [4]
  .text                ro code  0x00003ecc     0x2  xtls.o [3]
  .text                ro code  0x00003ed0  0x1610  steer.o [1]
  .text                ro code  0x000054e0   0x4f4  MK60_ftm.o [1]
  .text                ro code  0x000059d4     0x8  abs.o [3]
  .text                ro code  0x000059dc   0x99c  FUZZ.o [1]
  .text                ro code  0x00006378    0x84  FltAdd.o [4]
  .text                ro code  0x000063fc    0x4e  FltToDbl.o [4]
  .text                ro code  0x0000644c    0x90  DblToFlt.o [4]
  .text                ro code  0x000064dc    0x2e  I32ToFlt.o [4]
  .text                ro code  0x0000650c    0xd8  FltMul.o [4]
  .text                ro code  0x000065e4    0x44  FltToS32.o [4]
  .text                ro code  0x00006628    0x24  FltCmpGe.o [4]
  .text                ro code  0x0000664c    0x24  FltCmpLe.o [4]
  .text                ro code  0x00006670    0xe6  FltSub.o [4]
  .text                ro code  0x00006758    0xfc  FltDiv.o [4]
  .text                ro code  0x00006854     0x6  ABImemclr4.o [5]
  .text                ro code  0x0000685c    0x32  ABImemset48.o [5]
  .text                ro code  0x00006890  0x14f4  main.o [1]
  Veneer               ro code  0x00007d84     0x8  - Linker created -
  .text                ro code  0x00007d8c   0x5ac  VCAN_UI_VAR.o [1]
  .text                ro code  0x00008338   0x234  VCAN_OV7725_Eagle.o [1]
  .text                ro code  0x0000856c   0x460  VCAN_NRF24L0.o [1]
  .text                ro code  0x000089cc    0xcc  MK60_lptmr.o [1]
  .text                ro code  0x00008a98   0x848  motor.o [1]
  .text                ro code  0x000092e0   0x468  AD.o [1]
  .text                ro code  0x00009748    0xca  VCAN_key_event.o [1]
  .text                ro code  0x00009814   0x5e4  VCAN_LCD.o [1]
  .text                ro code  0x00009df8   0x848  picture.o [1]
  .text                ro code  0x0000a640    0xcc  misc.o [1]
  .text                ro code  0x0000a70c    0x7c  MK60_PIT.o [1]
  .text                ro code  0x0000a788   0x2b8  MK60_adc.o [1]
  .text                ro code  0x0000aa40   0x362  VCAN_SCCB.o [1]
  .text                ro code  0x0000ada4   0x284  MK60_dma.o [1]
  .text                ro code  0x0000b028   0x66c  MK60_spi.o [1]
  .text                ro code  0x0000b694    0x66  ABImemset.o [5]
  .data_init                    0x0000b6fc   0xf2c  <Block>
    Initializer bytes  const    0x0000b6fc   0xf2c  <for .data-1>
  .rodata              const    0x0000c628   0x600  VCAN_ASCII.o [1]
  Veneer               ro code  0x0000cc28     0x8  - Linker created -
  .text                ro code  0x0000cc30   0x3c8  MK60_mcg.o [1]
  CodeRelocate                  0x0000cff8   0x1c8  <Block>
    Initializer bytes  const    0x0000cff8   0x1c8  <for CodeRelocateRam-1>
  .text                ro code  0x0000d1c0   0x130  system_MK60DZ10.o [1]
  .text                ro code  0x0000d2f0    0x40  MK60_wdog.o [1]
  .rodata              const    0x0000d330    0x5c  VCAN_LCD_ST7735S.o [1]
  .rodata              const    0x0000d38c    0x58  MK60_flash.o [1]
  .rodata              const    0x0000d3e4    0x58  MK60_lptmr.o [1]
  .rodata              const    0x0000d43c    0x58  MK60_SysTick.o [1]
  .rodata              const    0x0000d494    0x58  VCAN_UI_VAR.o [1]
  .rodata              const    0x0000d4ec    0x54  MK60_adc.o [1]
  .rodata              const    0x0000d540    0x54  MK60_dma.o [1]
  .rodata              const    0x0000d594    0x54  MK60_ftm.o [1]
  .rodata              const    0x0000d5e8    0x54  MK60_gpio.o [1]
  .rodata              const    0x0000d63c    0x54  MK60_PIT.o [1]
  .rodata              const    0x0000d690    0x54  MK60_spi.o [1]
  .rodata              const    0x0000d6e4    0x54  MK60_uart.o [1]
  .rodata              const    0x0000d738    0x50  misc.o [1]
  .rodata              const    0x0000d788    0x40  MK60_spi.o [1]
  .text                ro code  0x0000d7c8    0x40  zero_init3.o [5]
  .rodata              const    0x0000d808    0x3c  MK60_conf.o [1]
  .text                ro code  0x0000d844    0x28  data_init.o [5]
  .rodata              const    0x0000d86c    0x24  MK60_conf.o [1]
  .rodata              const    0x0000d890    0x24  VCAN_OV7725_Eagle.o [1]
  .rodata              const    0x0000d8b4    0x24  VCAN_OV7725_Eagle.o [1]
  .iar.init_table      const    0x0000d8d8    0x10  - Linker created -
  .rodata              const    0x0000d8e8    0x20  MK60_conf.o [1]
  .rodata              const    0x0000d908    0x20  VCAN_OV7725_Eagle.o [1]
  .text                ro code  0x0000d928    0x1a  cmain.o [5]
  .text                ro code  0x0000d942     0x4  low_level_init.o [3]
  .text                ro code  0x0000d946     0x4  exit.o [3]
  .text                ro code  0x0000d94c     0xa  cexit.o [5]
  .text                ro code  0x0000d958     0xc  XXexit.o [5]
  .rodata              const    0x0000d964    0x18  VCAN_OV7725_Eagle.o [1]
  .rodata              const    0x0000d97c    0x18  VCAN_OV7725_Eagle.o [1]
  .text                ro code  0x0000d994    0x16  xprout.o [3]
  .text                ro code  0x0000d9ac     0xc  putchar.o [3]
  .rodata              const    0x0000d9b8    0x14  MK60_conf.o [1]
  .rodata              const    0x0000d9cc    0x14  VCAN_OV7725_Eagle.o [1]
  .text                ro code  0x0000d9e0     0xc  cstartup_M.o [5]
  .rodata              const    0x0000d9ec     0x8  VCAN_NRF24L0.o [1]
  .rodata              const    0x0000d9f4     0x4  MK60_spi.o [1]
  .rodata              const    0x0000d9f8     0x4  VCAN_LCD.o [1]
  .rodata              const    0x0000d9fc     0x4  VCAN_LCD.o [1]
  .rodata              const    0x0000da00     0x4  VCAN_LCD.o [1]
  .rodata              const    0x0000da04     0x0  zero_init3.o [5]
  Initializer bytes    const    0x0000da04    0x88  <for P2 s0>
                              - 0x0000da8c  0xd674

"P2":                                       0x56b8
  .data                         0x1fff0410   0xf2c  <Block>
    .data-1                     0x1fff0410   0xf2c  <Init block>
      .data            inited   0x1fff0410    0x1c  AD.o [1]
      .data            inited   0x1fff042c    0x1c  AD.o [1]
      .data            inited   0x1fff0448    0x1c  AD.o [1]
      .data            inited   0x1fff0464     0x4  define.o [1]
      .data            inited   0x1fff0468     0x4  define.o [1]
      .data            inited   0x1fff046c     0x4  define.o [1]
      .data            inited   0x1fff0470     0x4  define.o [1]
      .data            inited   0x1fff0474     0x4  define.o [1]
      .data            inited   0x1fff0478     0x4  define.o [1]
      .data            inited   0x1fff047c     0x4  define.o [1]
      .data            inited   0x1fff0480     0x4  define.o [1]
      .data            inited   0x1fff0484     0x4  define.o [1]
      .data            inited   0x1fff0488     0x4  define.o [1]
      .data            inited   0x1fff048c     0x4  define.o [1]
      .data            inited   0x1fff0490     0x4  define.o [1]
      .data            inited   0x1fff0494     0x4  define.o [1]
      .data            inited   0x1fff0498     0x4  define.o [1]
      .data            inited   0x1fff049c    0x1c  define.o [1]
      .data            inited   0x1fff04b8    0x1c  define.o [1]
      .data            inited   0x1fff04d4    0xc4  FUZZ.o [1]
      .data            inited   0x1fff0598    0xc4  FUZZ.o [1]
      .data            inited   0x1fff065c    0xc4  FUZZ.o [1]
      .data            inited   0x1fff0720    0x20  main.o [1]
      .data            inited   0x1fff0740     0x8  MK60_adc.o [1]
      .data            inited   0x1fff0748   0x708  MK60_conf.o [1]
      .data            inited   0x1fff0e50     0xc  MK60_ftm.o [1]
      .data            inited   0x1fff0e5c    0x14  MK60_gpio.o [1]
      .data            inited   0x1fff0e70    0x44  MK60_mcg.o [1]
      .data            inited   0x1fff0eb4     0x4  MK60_mcg.o [1]
      .data            inited   0x1fff0eb8    0x14  MK60_port.o [1]
      .data            inited   0x1fff0ecc     0xc  MK60_spi.o [1]
      .data            inited   0x1fff0ed8    0x18  MK60_uart.o [1]
      .data            inited   0x1fff0ef0    0xc8  motor.o [1]
      .data            inited   0x1fff0fb8    0xc8  motor.o [1]
      .data            inited   0x1fff1080    0x40  picture.o [1]
      .data            inited   0x1fff10c0     0x8  VCAN_key.o [1]
      .data            inited   0x1fff10c8     0x2  VCAN_LCD_ST7735S.o [1]
      .data            inited   0x1fff10ca     0x2  VCAN_LCD_ST7735S.o [1]
      .data            inited   0x1fff10cc     0x4  VCAN_LED.o [1]
      .data            inited   0x1fff10d0     0x8  VCAN_NRF24L0.o [1]
      .data            inited   0x1fff10d8     0x8  VCAN_NRF24L0.o [1]
      .data            inited   0x1fff10e0     0x1  VCAN_OV7725_Eagle.o [1]
      .data            inited   0x1fff10e4    0x64  VCAN_OV7725_Eagle.o [1]
      .data            inited   0x1fff1148     0x1  VCAN_OV7725_Eagle.o [1]
      .data            inited   0x1fff114c    0x48  VCAN_UI_VAR.o [1]
      .data            inited   0x1fff1194   0x168  VCAN_UI_VAR.o [1]
      .data            inited   0x1fff12fc    0x40  xfiles.o [3]
  CodeRelocateRam               0x1fff133c   0x1c8  <Block>
    CodeRelocateRam-1           0x1fff133c   0x1c8  <Init block>
      Veneer           inited   0x1fff133c     0x8  - Linker created -
      Veneer           inited   0x1fff1344     0x8  - Linker created -
      .textrw          inited   0x1fff134c   0x168  MK60_flash.o [1]
      .textrw          inited   0x1fff14b4    0x50  MK60_mcg.o [1]
  .bss                          0x1fff1504  0x453c  <Block>
    .bss               zero     0x1fff1504     0x4  define.o [1]
    .bss               zero     0x1fff1508    0x20  define.o [1]
    .bss               zero     0x1fff1528   0x258  define.o [1]
    .bss               zero     0x1fff1780  0x12c0  define.o [1]
    .bss               zero     0x1fff2a40     0x4  define.o [1]
    .bss               zero     0x1fff2a44     0x4  define.o [1]
    .bss               zero     0x1fff2a48     0x4  define.o [1]
    .bss               zero     0x1fff2a4c     0x4  define.o [1]
    .bss               zero     0x1fff2a50     0x4  define.o [1]
    .bss               zero     0x1fff2a54     0x4  define.o [1]
    .bss               zero     0x1fff2a58     0x4  define.o [1]
    .bss               zero     0x1fff2a5c     0x4  define.o [1]
    .bss               zero     0x1fff2a60     0x4  define.o [1]
    .bss               zero     0x1fff2a64     0x4  define.o [1]
    .bss               zero     0x1fff2a68     0x4  define.o [1]
    .bss               zero     0x1fff2a6c     0x4  define.o [1]
    .bss               zero     0x1fff2a70     0x4  define.o [1]
    .bss               zero     0x1fff2a74     0x4  define.o [1]
    .bss               zero     0x1fff2a78     0x4  define.o [1]
    .bss               zero     0x1fff2a7c     0x4  define.o [1]
    .bss               zero     0x1fff2a80     0x4  define.o [1]
    .bss               zero     0x1fff2a84     0x4  define.o [1]
    .bss               zero     0x1fff2a88     0x4  define.o [1]
    .bss               zero     0x1fff2a8c     0x4  define.o [1]
    .bss               zero     0x1fff2a90     0x4  define.o [1]
    .bss               zero     0x1fff2a94     0x4  define.o [1]
    .bss               zero     0x1fff2a98     0x4  define.o [1]
    .bss               zero     0x1fff2a9c     0x4  define.o [1]
    .bss               zero     0x1fff2aa0     0x4  define.o [1]
    .bss               zero     0x1fff2aa4     0x4  define.o [1]
    .bss               zero     0x1fff2aa8     0x4  define.o [1]
    .bss               zero     0x1fff2aac     0x4  define.o [1]
    .bss               zero     0x1fff2ab0     0x4  define.o [1]
    .bss               zero     0x1fff2ab4     0x4  define.o [1]
    .bss               zero     0x1fff2ab8     0x4  define.o [1]
    .bss               zero     0x1fff2abc     0x4  define.o [1]
    .bss               zero     0x1fff2ac0     0x4  define.o [1]
    .bss               zero     0x1fff2ac4     0x4  define.o [1]
    .bss               zero     0x1fff2ac8     0x4  define.o [1]
    .bss               zero     0x1fff2acc     0x4  define.o [1]
    .bss               zero     0x1fff2ad0     0x4  define.o [1]
    .bss               zero     0x1fff2ad4   0x140  define.o [1]
    .bss               zero     0x1fff2c14     0x4  define.o [1]
    .bss               zero     0x1fff2c18     0x4  define.o [1]
    .bss               zero     0x1fff2c1c   0x148  define.o [1]
    .bss               zero     0x1fff2d64   0x148  define.o [1]
    .bss               zero     0x1fff2eac    0x20  define.o [1]
    .bss               zero     0x1fff2ecc     0x4  define.o [1]
    .bss               zero     0x1fff2ed0     0x4  define.o [1]
    .bss               zero     0x1fff2ed4     0x4  define.o [1]
    .bss               zero     0x1fff2ed8     0x4  define.o [1]
    .bss               zero     0x1fff2edc     0x4  define.o [1]
    .bss               zero     0x1fff2ee0     0x4  define.o [1]
    .bss               zero     0x1fff2ee4     0x4  define.o [1]
    .bss               zero     0x1fff2ee8     0x4  define.o [1]
    .bss               zero     0x1fff2eec     0x4  define.o [1]
    .bss               zero     0x1fff2ef0     0x4  define.o [1]
    .bss               zero     0x1fff2ef4     0x4  define.o [1]
    .bss               zero     0x1fff2ef8     0x4  define.o [1]
    .bss               zero     0x1fff2efc     0x4  define.o [1]
    .bss               zero     0x1fff2f00     0x4  define.o [1]
    .bss               zero     0x1fff2f04     0x4  define.o [1]
    .bss               zero     0x1fff2f08     0x4  define.o [1]
    .bss               zero     0x1fff2f0c     0x4  define.o [1]
    .bss               zero     0x1fff2f10     0x4  define.o [1]
    .bss               zero     0x1fff2f14     0x4  define.o [1]
    .bss               zero     0x1fff2f18     0x4  define.o [1]
    .bss               zero     0x1fff2f1c     0x4  define.o [1]
    .bss               zero     0x1fff2f20     0x4  define.o [1]
    .bss               zero     0x1fff2f24     0x4  define.o [1]
    .bss               zero     0x1fff2f28     0x4  define.o [1]
    .bss               zero     0x1fff2f2c     0x4  define.o [1]
    .bss               zero     0x1fff2f30     0x4  define.o [1]
    .bss               zero     0x1fff2f34     0x4  define.o [1]
    .bss               zero     0x1fff2f38     0x4  define.o [1]
    .bss               zero     0x1fff2f3c     0x4  define.o [1]
    .bss               zero     0x1fff2f40     0x4  define.o [1]
    .bss               zero     0x1fff2f44     0x4  define.o [1]
    .bss               zero     0x1fff2f48     0x4  define.o [1]
    .bss               zero     0x1fff2f4c     0x4  define.o [1]
    .bss               zero     0x1fff2f50     0x4  define.o [1]
    .bss               zero     0x1fff2f54     0x4  main.o [1]
    .bss               zero     0x1fff2f58     0x4  main.o [1]
    .bss               zero     0x1fff2f5c     0x4  main.o [1]
    .bss               zero     0x1fff2f60     0x4  main.o [1]
    .bss               zero     0x1fff2f64     0x4  main.o [1]
    .bss               zero     0x1fff2f68     0x4  main.o [1]
    .bss               zero     0x1fff2f6c    0x20  main.o [1]
    .bss               zero     0x1fff2f8c    0x2c  motor.o [1]
    .bss               zero     0x1fff2fb8    0x2c  motor.o [1]
    .bss               zero     0x1fff2fe4   0xc80  picture.o [1]
    .bss               zero     0x1fff3c64  0x12c0  picture.o [1]
    .bss               zero     0x1fff4f24     0x4  picture.o [1]
    .bss               zero     0x1fff4f28     0x4  picture.o [1]
    .bss               zero     0x1fff4f2c     0x4  picture.o [1]
    .bss               zero     0x1fff4f30     0x4  picture.o [1]
    .bss               zero     0x1fff4f34     0x4  picture.o [1]
    .bss               zero     0x1fff4f38     0x4  picture.o [1]
    .bss               zero     0x1fff4f3c     0x4  picture.o [1]
    .bss               zero     0x1fff4f40     0x4  picture.o [1]
    .bss               zero     0x1fff4f44     0x4  picture.o [1]
    .bss               zero     0x1fff4f48     0x4  picture.o [1]
    .bss               zero     0x1fff4f4c     0x4  picture.o [1]
    .bss               zero     0x1fff4f50     0x4  picture.o [1]
    .bss               zero     0x1fff4f54     0x4  steer.o [1]
    .bss               zero     0x1fff4f58     0x4  steer.o [1]
    .bss               zero     0x1fff4f5c     0x4  steer.o [1]
    .bss               zero     0x1fff4f60     0x4  steer.o [1]
    .bss               zero     0x1fff4f64    0x10  steer.o [1]
    .bss               zero     0x1fff4f74     0x4  steer.o [1]
    .bss               zero     0x1fff4f78     0x4  steer.o [1]
    .bss               zero     0x1fff4f7c     0x4  steer.o [1]
    .bss               zero     0x1fff4f80     0x4  steer.o [1]
    .bss               zero     0x1fff4f84     0x4  steer.o [1]
    .bss               zero     0x1fff4f88     0x4  steer.o [1]
    .bss               zero     0x1fff4f8c     0x4  system_MK60DZ10.o [1]
    .bss               zero     0x1fff4f90     0x4  system_MK60DZ10.o [1]
    .bss               zero     0x1fff4f94     0x4  system_MK60DZ10.o [1]
    .bss               zero     0x1fff4f98    0x28  VCAN_key.o [1]
    .bss               zero     0x1fff4fc0     0x8  VCAN_key.o [1]
    .bss               zero     0x1fff4fc8   0xa00  VCAN_NRF24L0.o [1]
    .bss               zero     0x1fff59c8     0x4  VCAN_NRF24L0.o [1]
    .bss               zero     0x1fff59cc     0x4  VCAN_NRF24L0.o [1]
    .bss               zero     0x1fff59d0     0x4  VCAN_OV7725_Eagle.o [1]
    .bss               zero     0x1fff59d4    0x50  xfiles.o [3]
    .bss               zero     0x1fff5a24     0x2  define.o [1]
    .bss               zero     0x1fff5a26     0x2  define.o [1]
    .bss               zero     0x1fff5a28     0x2  define.o [1]
    .bss               zero     0x1fff5a2a     0x2  define.o [1]
    .bss               zero     0x1fff5a2c     0x2  define.o [1]
    .bss               zero     0x1fff5a2e     0x2  define.o [1]
    .bss               zero     0x1fff5a30     0x2  define.o [1]
    .bss               zero     0x1fff5a32     0x2  main.o [1]
    .bss               zero     0x1fff5a34     0x1  define.o [1]
    .bss               zero     0x1fff5a35     0x1  VCAN_key.o [1]
    .bss               zero     0x1fff5a36     0x1  VCAN_key.o [1]
    .bss               zero     0x1fff5a37     0x1  VCAN_key.o [1]
    .bss               zero     0x1fff5a38     0x1  VCAN_LCD_ST7735S.o [1]
    .bss               zero     0x1fff5a39     0x1  VCAN_NRF24L0.o [1]
    .bss               zero     0x1fff5a3a     0x1  VCAN_NRF24L0.o [1]
    .bss               zero     0x1fff5a3b     0x1  VCAN_NRF24L0.o [1]
    .bss               zero     0x1fff5a3c     0x1  VCAN_NRF24L0.o [1]
    .bss               zero     0x1fff5a3d     0x1  VCAN_NRF24L0.o [1]
    .bss               zero     0x1fff5a3e     0x1  VCAN_UI_VAR.o [1]
  P2 s0                         0x1fff5a40    0x88  <Init block>
    __DLIB_PERTHREAD   inited   0x1fff5a40    0x88  localeconv.o [3]
                              - 0x1fff5ac8  0x56b8


*******************************************************************************
*** INIT TABLE
***

          Address     Size
          -------     ----
Zero (__iar_zero_init3)
    1 destination range, total size 0x453b:
          0x1fff1504  0x453b



*******************************************************************************
*** MODULE SUMMARY
***

    Module                 ro code  rw code  ro data  rw data
    ------                 -------  -------  -------  -------
C:\Users\SKY\Desktop\My Document\程序\2018智能车国赛—电磁高车\Prj\IAR\DZ10_Debug\Obj: [1]
    AD.o                     1 128                84       84
    FUZZ.o                   2 460               588      588
    MK60_PIT.o                 124                84
    MK60_SysTick.o             100                88
    MK60_adc.o                 696                92        8
    MK60_conf.o                320             1 948    1 800
    MK60_dma.o                 644                84
    MK60_flash.o                        360      448
    MK60_ftm.o               1 268                96       12
    MK60_gpio.o                388               104       20
    MK60_lptmr.o               204                88
    MK60_mcg.o                 968       80      152       72
    MK60_port.o                176                20       20
    MK60_spi.o               1 644               164       12
    MK60_uart.o                584               108       24
    MK60_wdog.o                 64
    VCAN_ASCII.o                               1 536
    VCAN_LCD.o               1 508                12
    VCAN_LCD_ST7735S.o       7 212                96        5
    VCAN_LED.o                 112                 4        4
    VCAN_NRF24L0.o           1 120                24    2 589
    VCAN_OV7725_Eagle.o        564               277      106
    VCAN_SCCB.o                866
    VCAN_UI_VAR.o            1 452               523      433
    VCAN_key.o                 544                 8       59
    VCAN_key_event.o           202
    define.o                                     112    6 863
    main.o                   5 364                32       90
    misc.o                     204                80
    motor.o                  2 120               400      488
    picture.o                2 120                66    8 112
    startup_MK60DZ10.o           8
    steer.o                  5 648                         56
    system_MK60DZ10.o          304                         12
    vectors.o                                  1 040
    ---------------------------------------------------------
    Total:                  40 116      440    8 358   21 457

command line: [2]
    ---------------------------------------------------------
    Total:

dl7M_tlf.a: [3]
    abs.o                        8
    div.o                       14
    exit.o                       4
    localeconv.o               108               136      136
    low_level_init.o             4
    printf.o                    36
    putchar.o                   12
    xfiles.o                                      64      144
    xprintflarge_nomb.o      3 062
    xprout.o                    22
    xtls.o                       2
    ---------------------------------------------------------
    Total:                   3 272               200      280

m7M_tl.a: [4]
    DblAdd.o                   212
    DblCmpLe.o                  46
    DblDiv.o                   598
    DblMul.o                   418
    DblSub.o                   384
    DblToFlt.o                 144
    DblToI32.o                  44
    FltAdd.o                   132
    FltCmpGe.o                  36
    FltCmpLe.o                  36
    FltDiv.o                   252
    FltMul.o                   216
    FltSub.o                   230
    FltToDbl.o                  78
    FltToS32.o                  68
    I32ToDbl.o                  48
    I32ToFlt.o                  46
    xdnorm.o                    66
    ---------------------------------------------------------
    Total:                   3 054

rt7M_tl.a: [5]
    ABImemclr4.o                 6
    ABImemcpy_unaligned.o      118
    ABImemset.o                102
    ABImemset48.o               50
    I64DivMod.o                238
    I64DivZer.o                  2
    XXexit.o                    12
    cexit.o                     10
    cmain.o                     26
    cstartup_M.o                12
    data_init.o                 40
    memchr.o                    88
    strchr.o                    22
    strlen.o                    54
    zero_init3.o                64
    ---------------------------------------------------------
    Total:                     844

    Gaps                        38                          6
    Linker created              32       16       32
-------------------------------------------------------------
    Grand Total:            47 356      456    8 590   21 743


*******************************************************************************
*** ENTRY LIST
***

Entry                      Address    Size  Type      Object
-----                      -------    ----  ----      ------
.bss$$Base              0x1fff1504           --   Gb  - Linker created -
.bss$$Limit             0x1fff5a40           --   Gb  - Linker created -
.data$$Base             0x1fff0410           --   Gb  - Linker created -
.data$$Limit            0x1fff133c           --   Gb  - Linker created -
.data_init$$Base        0x0000b6fc           --   Gb  - Linker created -
.data_init$$Limit       0x0000c628           --   Gb  - Linker created -
.iar.init_table$$Base   0x0000d8d8           --   Gb  - Linker created -
.iar.init_table$$Limit  0x0000d8e8           --   Gb  - Linker created -
?main                   0x0000d929          Code  Gb  cmain.o [5]
ADCDEAL                 0x000092e1   0x400  Code  Gb  AD.o [1]
ADCN                    0x1fff0740     0x8  Data  Gb  MK60_adc.o [1]
ADVL0                   0x1fff2ecc     0x4  Data  Gb  define.o [1]
ADVL1                   0x1fff2ed0     0x4  Data  Gb  define.o [1]
ADVL2                   0x1fff2ed4     0x4  Data  Gb  define.o [1]
ADVM                    0x1fff2ee4     0x4  Data  Gb  define.o [1]
ADVM1                   0x1fff4f64    0x10  Data  Gb  steer.o [1]
ADVR0                   0x1fff2ed8     0x4  Data  Gb  define.o [1]
ADVR1                   0x1fff2edc     0x4  Data  Gb  define.o [1]
ADVR2                   0x1fff2ee0     0x4  Data  Gb  define.o [1]
AD_value                0x1fff2f6c    0x20  Data  Gb  main.o [1]
ASSERT_FAILED_STR       0x0000d86c    0x24  Data  Gb  MK60_conf.o [1]
CodeRelocate$$Base      0x0000cff8           --   Gb  - Linker created -
CodeRelocate$$Limit     0x0000d1c0           --   Gb  - Linker created -
CodeRelocateRam$$Base   0x1fff133c           --   Gb  - Linker created -
CodeRelocateRam$$Limit  0x1fff1504           --   Gb  - Linker created -
DMA0_IRQHandler         0x00006aa7     0x8  Code  Gb  main.o [1]
FTMN                    0x1fff0e50     0xc  Data  Gb  MK60_ftm.o [1]
FTM_port_mux            0x000054e1   0x118  Code  Lc  MK60_ftm.o [1]
FTraL                   0x00005a67    0x5a  Code  Gb  FUZZ.o [1]
FTraR                   0x00005ac1    0x5c  Code  Gb  FUZZ.o [1]
FTri                    0x000059dd    0x8a  Code  Gb  FUZZ.o [1]
FUZZD_GET               0x00005df5   0x2be  Code  Gb  FUZZ.o [1]
FUZZP_GET               0x00005b29   0x2cc  Code  Gb  FUZZ.o [1]
FUZZ_SPEED_GET          0x000060b3   0x2ac  Code  Gb  FUZZ.o [1]
GPIOX                   0x1fff0e5c    0x14  Data  Gb  MK60_gpio.o [1]
H                       0x1fff0720    0x20  Data  Gb  main.o [1]
HD_OK                   0x1fff2f68     0x4  Data  Gb  main.o [1]
HD_flag                 0x1fff2a98     0x4  Data  Gb  define.o [1]
KEY_PTxn                0x1fff10c0     0x8  Data  Gb  VCAN_key.o [1]
L                       0x1fff0448    0x1c  Data  Gb  AD.o [1]
LCD_Img_Binary_Z        0x00009c6b   0x168  Code  Gb  VCAN_LCD.o [1]
LCD_ST7735S_dir         0x000013d7   0xa0c  Code  Gb  VCAN_LCD_ST7735S.o [1]
LCD_ST7735S_init        0x00000419   0xfbe  Code  Gb  VCAN_LCD_ST7735S.o [1]
LCD_ST7735S_ptlon       0x00001df9   0x21c  Code  Gb  VCAN_LCD_ST7735S.o [1]
LCD_char                0x000099cf   0x19e  Code  Gb  VCAN_LCD.o [1]
LCD_init                0x00009815    0x2c  Code  Gb  VCAN_LCD.o [1]
LCD_num_BC              0x00009b6d    0xfe  Code  Gb  VCAN_LCD.o [1]
LCD_point               0x00009911    0xbe  Code  Gb  VCAN_LCD.o [1]
LCD_points              0x0000a531    0x26  Code  Gb  picture.o [1]
LCD_rectangle           0x00009841    0xd0  Code  Gb  VCAN_LCD.o [1]
LED_PTxn                0x1fff10cc     0x4  Data  Gb  VCAN_LED.o [1]
Left_sp                 0x1fff2f8c    0x2c  Data  Gb  motor.o [1]
LoadInt                 0x00002ea9    0x6e  Code  Lc  xprintflarge_nomb.o [3]
Max_cha                 0x1fff2ad0     0x4  Data  Gb  define.o [1]
NRF_ISR_RX_FIFO         0x1fff4fc8   0xa00  Data  Gb  VCAN_NRF24L0.o [1]
NVIC_DisableIRQ         0x0000834d    0x14  Code  Lc  VCAN_OV7725_Eagle.o [1]
NVIC_EnableIRQ          0x000068b5    0x16  Code  Lc  main.o [1]
NVIC_EnableIRQ          0x00008339    0x14  Code  Lc  VCAN_OV7725_Eagle.o [1]
NVIC_SetPriority        0x000068cb    0x2a  Code  Lc  main.o [1]
NVIC_SetPriorityGrouping
                        0x00006891    0x24  Code  Lc  main.o [1]
NVIC_SystemReset        0x000022ed    0x1a  Code  Lc  MK60_conf.o [1]
PIT0_IRQHandler         0x00006aaf   0x79a  Code  Gb  main.o [1]
PIT2_IRQHandler         0x00007251   0x1b0  Code  Gb  main.o [1]
PORTA_IRQHandler        0x00006a5b    0x26  Code  Gb  main.o [1]
PORTE_IRQHandler        0x00006a81    0x26  Code  Gb  main.o [1]
PORTX                   0x1fff0eb8    0x14  Data  Gb  MK60_port.o [1]
RX_ADDRESS              0x1fff10d8     0x8  Data  Gb  VCAN_NRF24L0.o [1]
Region$$Table$$Base     0x0000d8d8           --   Gb  - Linker created -
Region$$Table$$Limit    0x0000d8e8           --   Gb  - Linker created -
Reset_Handler           0x00000411          Code  Gb  startup_MK60DZ10.o [1]
Right_sp                0x1fff2fb8    0x2c  Data  Gb  motor.o [1]
SCCB_Ack                0x0000ab15    0x3c  Code  Lc  VCAN_SCCB.o [1]
SCCB_GPIO_init          0x0000aa5b    0x28  Code  Gb  VCAN_SCCB.o [1]
SCCB_NoAck              0x0000ab51    0x3c  Code  Lc  VCAN_SCCB.o [1]
SCCB_ReadByte           0x0000acf1    0x2c  Code  Gb  VCAN_SCCB.o [1]
SCCB_ReadByte_one       0x0000ad1d    0x86  Code  Lc  VCAN_SCCB.o [1]
SCCB_ReceiveByte        0x0000ac1d    0x54  Code  Lc  VCAN_SCCB.o [1]
SCCB_SendByte           0x0000abd9    0x44  Code  Lc  VCAN_SCCB.o [1]
SCCB_Start              0x0000aa83    0x5e  Code  Lc  VCAN_SCCB.o [1]
SCCB_Stop               0x0000aae1    0x34  Code  Lc  VCAN_SCCB.o [1]
SCCB_WaitAck            0x0000ab8d    0x4c  Code  Lc  VCAN_SCCB.o [1]
SCCB_WriteByte          0x0000ac81    0x28  Code  Gb  VCAN_SCCB.o [1]
SCCB_WriteByte_one      0x0000aca9    0x48  Code  Lc  VCAN_SCCB.o [1]
SCCB_delay              0x0000aa41    0x1a  Code  Lc  VCAN_SCCB.o [1]
SPIN                    0x1fff0ecc     0xc  Data  Gb  MK60_spi.o [1]
ST7735S_get_h           0x00002015     0x6  Code  Gb  VCAN_LCD_ST7735S.o [1]
ST7735S_get_w           0x0000201b     0x6  Code  Gb  VCAN_LCD_ST7735S.o [1]
S_meet_distance         0x1fff2ac0     0x4  Data  Gb  define.o [1]
TX_ADDRESS              0x1fff10d0     0x8  Data  Gb  VCAN_NRF24L0.o [1]
UARTN                   0x1fff0ed8    0x18  Data  Gb  MK60_uart.o [1]
_GenldLargeNoMb         0x0000329d   0x238  Code  Lc  xprintflarge_nomb.o [3]
_LdtobLargeNoMb         0x0000301d   0x27a  Code  Lc  xprintflarge_nomb.o [3]
_LitobLargeNoMb         0x00002f17   0x106  Code  Lc  xprintflarge_nomb.o [3]
_Locale_aeabi_lconv     0x1fff5a90    0x38  Data  Gb  localeconv.o [3]
_Locale_lconv           0x1fff5a40    0x50  Data  Gb  localeconv.o [3]
_PrintfLargeNoMb        0x00002929   0x57a  Code  Gb  xprintflarge_nomb.o [3]
_Prout                  0x0000d995    0x16  Code  Gb  xprout.o [3]
_PutcharsLargeNoMb      0x000034d5    0x2e  Code  Lc  xprintflarge_nomb.o [3]
__BOOT_STACK_ADDRESS {Abs}
                        0x2000fff8           --   Gb  command line/config [2]
__VECTOR_RAM {Abs}      0x1fff0000           --   Gb  command line/config [2]
__VECTOR_TABLE {Abs}    0x00000000           --   Gb  command line/config [2]
__aeabi_cdcmple         0x00003771          Code  Gb  DblCmpLe.o [4]
__aeabi_cfcmple         0x0000664d          Code  Gb  FltCmpLe.o [4]
__aeabi_cfrcmple        0x00006629          Code  Gb  FltCmpGe.o [4]
__aeabi_d2f             0x0000644d          Code  Gb  DblToFlt.o [4]
__aeabi_d2uiz           0x00003b9d          Code  Gb  DblToI32.o [4]
__aeabi_ddiv            0x00003945          Code  Gb  DblDiv.o [4]
__aeabi_dmul            0x000037a1          Code  Gb  DblMul.o [4]
__aeabi_dsub            0x00003bf9          Code  Gb  DblSub.o [4]
__aeabi_f2d             0x000063fd          Code  Gb  FltToDbl.o [4]
__aeabi_f2iz            0x000065e5          Code  Gb  FltToS32.o [4]
__aeabi_fadd            0x00006379          Code  Gb  FltAdd.o [4]
__aeabi_fdiv            0x00006759          Code  Gb  FltDiv.o [4]
__aeabi_fmul            0x0000650d          Code  Gb  FltMul.o [4]
__aeabi_fsub            0x00006671          Code  Gb  FltSub.o [4]
__aeabi_i2d             0x00003bc9          Code  Gb  I32ToDbl.o [4]
__aeabi_i2f             0x000064dd          Code  Gb  I32ToFlt.o [4]
__aeabi_ldiv0           0x00003df5          Code  Gb  I64DivZer.o [5]
__aeabi_memclr4         0x00006855          Code  Gb  ABImemclr4.o [5]
__aeabi_memset          0x0000b695          Code  Gb  ABImemset.o [5]
__aeabi_ui2d            0x00003bdd          Code  Gb  I32ToDbl.o [4]
__aeabi_uldivmod        0x000035c9          Code  Gb  I64DivMod.o [5]
__cmain                 0x0000d929          Code  Gb  cmain.o [5]
__code_start__ {Abs}    0x00000410           --   Gb  command line/config [2]
__exit                  0x0000d959          Code  Gb  XXexit.o [5]
__iar_Dnorm             0x0000372f    0x42  Code  Gb  xdnorm.o [4]
__iar_Locale_lconv_init
                        0x00003d79    0x3a  Code  Gb  localeconv.o [3]
__iar_Memchr            0x00003571          Code  Gb  memchr.o [5]
__iar_Memset            0x0000b695          Code  Gb  ABImemset.o [5]
__iar_Memset4_word      0x0000685d          Code  Gb  ABImemset48.o [5]
__iar_Memset8_word      0x0000685d          Code  Gb  ABImemset48.o [5]
__iar_Memset_word       0x0000b69d          Code  Gb  ABImemset.o [5]
__iar_Stdout            0x1fff12fc    0x40  Data  Gb  xfiles.o [3]
__iar_Strchr            0x00003521          Code  Gb  strchr.o [5]
__iar_d2uiz             0x00003ba9          Code  Gb  DblToI32.o [4]
__iar_dadd              0x00003df9          Code  Gb  DblAdd.o [4]
__iar_data_init3        0x0000d845    0x28  Code  Gb  data_init.o [5]
__iar_dlib_perthread_access
                        0x00003ecd     0x2  Code  Gb  xtls.o [3]
__iar_dsub              0x00003c0d          Code  Gb  DblSub.o [4]
__iar_dsubStart         0x00003c1f          Code  Gb  DblSub.o [4]
__iar_fadd              0x00006389          Code  Gb  FltAdd.o [4]
__iar_fsub              0x00006681          Code  Gb  FltSub.o [4]
__iar_fsubStart         0x00006691          Code  Gb  FltSub.o [4]
__iar_program_start     0x0000d9e1          Code  Gb  cstartup_M.o [5]
__iar_ui2d              0x00003be1          Code  Gb  I32ToDbl.o [4]
__iar_ui2f              0x000064f1          Code  Gb  I32ToFlt.o [4]
__iar_unaligned___aeabi_memcpy
                        0x000036b9          Code  Gb  ABImemcpy_unaligned.o [5]
__iar_unaligned___aeabi_memcpy4
                        0x000036d9          Code  Gb  ABImemcpy_unaligned.o [5]
__iar_unaligned___aeabi_memcpy8
                        0x000036d9          Code  Gb  ABImemcpy_unaligned.o [5]
__iar_zero_init3        0x0000d7c9    0x40  Code  Gb  zero_init3.o [5]
__low_level_init        0x0000d943     0x4  Code  Gb  low_level_init.o [3]
__vector_table          0x00000000   0x410  Data  Gb  vectors.o [1]
_call_main              0x0000d935          Code  Gb  cmain.o [5]
_exit                   0x0000d94d          Code  Gb  cexit.o [5]
_main                   0x0000d93f          Code  Gb  cmain.o [5]
aa                      0x1fff4f44     0x4  Data  Gb  picture.o [1]
abnormall_left          0x1fff4f80     0x4  Data  Gb  steer.o [1]
abnormall_right         0x1fff4f84     0x4  Data  Gb  steer.o [1]
abs                     0x000059d5     0x8  Code  Gb  abs.o [3]
ad_to_one               0x00007869   0x170  Code  Gb  main.o [1]
ad_valueL0              0x1fff5a24     0x2  Data  Gb  define.o [1]
ad_valueL1              0x1fff5a26     0x2  Data  Gb  define.o [1]
ad_valueL2              0x1fff5a28     0x2  Data  Gb  define.o [1]
ad_valueM               0x1fff5a30     0x2  Data  Gb  define.o [1]
ad_valueR0              0x1fff5a2a     0x2  Data  Gb  define.o [1]
ad_valueR1              0x1fff5a2c     0x2  Data  Gb  define.o [1]
ad_valueR2              0x1fff5a2e     0x2  Data  Gb  define.o [1]
adc_init                0x0000a789   0x20e  Code  Gb  MK60_adc.o [1]
adc_once                0x0000a997    0x50  Code  Gb  MK60_adc.o [1]
adc_start               0x0000a9e7    0x44  Code  Lc  MK60_adc.o [1]
angle_lie               0x1fff2d64   0x148  Data  Gb  define.o [1]
angle_line1             0x1fff2c1c   0x148  Data  Gb  define.o [1]
ascii_8x16              0x0000c628   0x600  Data  Gb  VCAN_ASCII.o [1]
assert_failed           0x00002307    0x26  Code  Gb  MK60_conf.o [1]
back_double_circle      0x1fff4f88     0x4  Data  Gb  steer.o [1]
bb                      0x1fff4f48     0x4  Data  Gb  picture.o [1]
board_find              0x00009e87   0x164  Code  Gb  picture.o [1]
board_num               0x1fff4f30     0x4  Data  Gb  picture.o [1]
bord                    0x1fff2ad4   0x140  Data  Gb  define.o [1]
buchang_left            0x1fff4f58     0x4  Data  Gb  steer.o [1]
buchang_right           0x1fff4f5c     0x4  Data  Gb  steer.o [1]
buff                    0x1fff2eac    0x20  Data  Gb  define.o [1]
bus_clk_khz             0x1fff4f94     0x4  Data  Gb  system_MK60DZ10.o [1]
car_stop                0x1fff5a32     0x2  Data  Gb  main.o [1]
cc                      0x1fff4f4c     0x4  Data  Gb  picture.o [1]
circle_flag             0x1fff4f24     0x4  Data  Gb  picture.o [1]
common_startup          0x0000d21f    0x98  Code  Gb  system_MK60DZ10.o [1]
compensition_error      0x1fff2ee8     0x4  Data  Gb  define.o [1]
const1                  0x1fff0470     0x4  Data  Gb  define.o [1]
const10                 0x1fff0494     0x4  Data  Gb  define.o [1]
const11                 0x1fff0498     0x4  Data  Gb  define.o [1]
const2                  0x1fff0474     0x4  Data  Gb  define.o [1]
const3                  0x1fff0478     0x4  Data  Gb  define.o [1]
const4                  0x1fff047c     0x4  Data  Gb  define.o [1]
const5                  0x1fff0480     0x4  Data  Gb  define.o [1]
const6                  0x1fff0484     0x4  Data  Gb  define.o [1]
const7                  0x1fff0488     0x4  Data  Gb  define.o [1]
const8                  0x1fff048c     0x4  Data  Gb  define.o [1]
const9                  0x1fff0490     0x4  Data  Gb  define.o [1]
core_clk_khz            0x1fff4f8c     0x4  Data  Gb  system_MK60DZ10.o [1]
core_clk_mhz            0x1fff4f90     0x4  Data  Gb  system_MK60DZ10.o [1]
count                   0x1fff4f2c     0x4  Data  Gb  picture.o [1]
cs_find                 0x00008ad5    0xae  Code  Gb  motor.o [1]
dajiao_left             0x1fff2aa0     0x4  Data  Gb  define.o [1]
dajiao_right            0x1fff2aa4     0x4  Data  Gb  define.o [1]
dd                      0x1fff4f50     0x4  Data  Gb  picture.o [1]
deal_key_event          0x00009763    0xb0  Code  Gb  VCAN_key_event.o [1]
default_isr             0x000023db    0x30  Code  Gb  MK60_conf.o [1]
dir                     0x1fff1080    0x40  Data  Gb  picture.o [1]
distance1               0x1fff2aac     0x4  Data  Gb  define.o [1]
div                     0x00003de5     0xe  Code  Gb  div.o [3]
dma_gpio_input_init     0x0000ada5    0x5c  Code  Lc  MK60_dma.o [1]
dma_portx2buff_init     0x0000ae01   0x1f4  Code  Gb  MK60_dma.o [1]
exit                    0x0000d947     0x4  Code  Gb  exit.o [3]
fand                    0x00005b1d     0xc  Code  Gb  FUZZ.o [1]
find_stop               0x1fff4f28     0x4  Data  Gb  picture.o [1]
flash_cmd               0x1fff134d    0x20  Code  Gb  MK60_flash.o [1]
flash_erase_sector      0x1fff139d    0x58  Code  Gb  MK60_flash.o [1]
flash_init              0x1fff136d    0x30  Code  Gb  MK60_flash.o [1]
flash_load              0x000068f5   0x166  Code  Gb  main.o [1]
flash_write             0x1fff13f5    0x8e  Code  Gb  MK60_flash.o [1]
fputc                   0x0000232d    0x14  Code  Gb  MK60_conf.o [1]
ftm_pwm_duty            0x00005779    0xee  Code  Gb  MK60_ftm.o [1]
ftm_pwm_init            0x000055f9   0x180  Code  Gb  MK60_ftm.o [1]
ftm_quad_clean          0x00005999    0x28  Code  Gb  MK60_ftm.o [1]
ftm_quad_get            0x0000596d    0x2c  Code  Gb  MK60_ftm.o [1]
ftm_quad_init           0x00005867   0x106  Code  Gb  MK60_ftm.o [1]
get_key_msg             0x00002801    0x62  Code  Gb  VCAN_key.o [1]
get_var                 0x00007e1f    0x10  Code  Gb  VCAN_UI_VAR.o [1]
gpio_get                0x0000217f    0x3e  Code  Gb  MK60_gpio.o [1]
gpio_init               0x00002045    0xae  Code  Gb  MK60_gpio.o [1]
gpio_set                0x000020f3    0x52  Code  Gb  MK60_gpio.o [1]
gpio_turn               0x00002145    0x3a  Code  Gb  MK60_gpio.o [1]
img                     0x1fff1780  0x12c0  Data  Gb  define.o [1]
img_extract             0x00009df9    0x8e  Code  Gb  picture.o [1]
img_have_seacher        0x1fff3c64  0x12c0  Data  Gb  picture.o [1]
imgbuff                 0x1fff1528   0x258  Data  Gb  define.o [1]
imgsize                 0x1fff0468     0x4  Data  Gb  define.o [1]
is_round_pluse          0x1fff2a80     0x4  Data  Gb  define.o [1]
isr_flag                0x1fff2ab0     0x4  Data  Gb  define.o [1]
kd                      0x1fff0598    0xc4  Data  Gb  FUZZ.o [1]
key_IRQHandler          0x00002863    0xae  Code  Gb  VCAN_key.o [1]
key_check               0x00002775    0x2a  Code  Gb  VCAN_key.o [1]
key_deal_flag1          0x1fff2f54     0x4  Data  Gb  main.o [1]
key_deal_flag2          0x1fff2f58     0x4  Data  Gb  main.o [1]
key_deal_flag3          0x1fff2f5c     0x4  Data  Gb  main.o [1]
key_deal_flag4          0x1fff2f60     0x4  Data  Gb  main.o [1]
key_event_init          0x00009749    0x1a  Code  Gb  VCAN_key_event.o [1]
key_get                 0x0000275b    0x1a  Code  Gb  VCAN_key.o [1]
key_init                0x00002709    0x52  Code  Gb  VCAN_key.o [1]
key_msg                 0x1fff4f98    0x28  Data  Gb  VCAN_key.o [1]
key_msg_flag            0x1fff5a37     0x1  Data  Gb  VCAN_key.o [1]
key_msg_front           0x1fff5a35     0x1  Data  Gb  VCAN_key.o [1]
key_msg_rear            0x1fff5a36     0x1  Data  Gb  VCAN_key.o [1]
kp                      0x1fff04d4    0xc4  Data  Gb  FUZZ.o [1]
last_normal_error       0x1fff4f60     0x4  Data  Gb  steer.o [1]
last_steer_error        0x1fff2f00     0x4  Data  Gb  define.o [1]
led_init                0x0000242d    0x3a  Code  Gb  VCAN_LED.o [1]
led_turn                0x00002467    0x32  Code  Gb  VCAN_LED.o [1]
left_cs                 0x1fff0ef0    0xc8  Data  Gb  motor.o [1]
left_max_to_min         0x1fff2a4c     0x4  Data  Gb  define.o [1]
left_min                0x1fff4f78     0x4  Data  Gb  steer.o [1]
left_min_to_max         0x1fff2a50     0x4  Data  Gb  define.o [1]
line_Display            0x0000a557    0x56  Code  Gb  picture.o [1]
localeconv              0x00003db3    0x16  Code  Gb  localeconv.o [3]
lptmr_direction         0x1fff5a34     0x1  Data  Gb  define.o [1]
lptmr_pulse_clean       0x00008a65    0x1a  Code  Gb  MK60_lptmr.o [1]
lptmr_pulse_get         0x00008a4b    0x1a  Code  Gb  MK60_lptmr.o [1]
lptmr_pulse_init        0x000089cd    0x7e  Code  Gb  MK60_lptmr.o [1]
main                    0x00007a11   0x27c  Code  Gb  main.o [1]
map_pluse               0x1fff2c14     0x4  Data  Gb  define.o [1]
max_100mA               0x1fff0410    0x1c  Data  Gb  AD.o [1]
max_lie                 0x1fff4f34     0x4  Data  Gb  picture.o [1]
max_lie_num             0x1fff4f38     0x4  Data  Gb  picture.o [1]
max_v                   0x1fff049c    0x1c  Data  Gb  define.o [1]
mcg_cfg                 0x1fff0e70    0x44  Data  Gb  MK60_mcg.o [1]
mcg_div                 0x1fff0eb4     0x4  Data  Gb  MK60_mcg.o [1]
mcg_div_count           0x0000cc31   0x2fa  Code  Gb  MK60_mcg.o [1]
meet_area               0x1fff2ab4     0x4  Data  Gb  define.o [1]
meet_area_find          0x00009feb   0x546  Code  Gb  picture.o [1]
meet_area_num           0x1fff2abc     0x4  Data  Gb  define.o [1]
meet_distance           0x1fff2f64     0x4  Data  Gb  main.o [1]
meet_flag               0x1fff2ac4     0x4  Data  Gb  define.o [1]
meet_flag3              0x1fff4f3c     0x4  Data  Gb  picture.o [1]
meet_flag4              0x1fff4f40     0x4  Data  Gb  picture.o [1]
meet_pluse              0x1fff2ac8     0x4  Data  Gb  define.o [1]
meet_run                0x1fff2ab8     0x4  Data  Gb  define.o [1]
meet_start              0x1fff0464     0x4  Data  Gb  define.o [1]
memchr                  0x00003571          Code  Gb  memchr.o [5]
min_100mA               0x1fff042c    0x1c  Data  Gb  AD.o [1]
min_v                   0x1fff04b8    0x1c  Data  Gb  define.o [1]
motor_init              0x00008a99    0x3c  Code  Gb  motor.o [1]
motor_out               0x00009171    0xc0  Code  Gb  motor.o [1]
motor_pid               0x00008f05   0x26c  Code  Gb  motor.o [1]
new_tab                 0x1fff5a3e     0x1  Data  Gb  VCAN_UI_VAR.o [1]
normal_error            0x1fff2ef8     0x4  Data  Gb  define.o [1]
normal_error1           0x1fff2efc     0x4  Data  Gb  define.o [1]
nrf_handler             0x0000888d   0x108  Code  Gb  VCAN_NRF24L0.o [1]
nrf_init                0x0000856d    0xa8  Code  Gb  VCAN_NRF24L0.o [1]
nrf_irq_tx_addr         0x1fff59c8     0x4  Data  Gb  VCAN_NRF24L0.o [1]
nrf_irq_tx_flag         0x1fff5a3d     0x1  Data  Gb  VCAN_NRF24L0.o [1]
nrf_irq_tx_pnum         0x1fff59cc     0x4  Data  Gb  VCAN_NRF24L0.o [1]
nrf_link_check          0x000086b3    0x78  Code  Gb  VCAN_NRF24L0.o [1]
nrf_mode                0x1fff5a39     0x1  Data  Gb  VCAN_NRF24L0.o [1]
nrf_readbuf             0x0000868b    0x28  Code  Lc  VCAN_NRF24L0.o [1]
nrf_readreg             0x0000863b    0x28  Code  Lc  VCAN_NRF24L0.o [1]
nrf_rx                  0x000087c3    0xca  Code  Gb  VCAN_NRF24L0.o [1]
nrf_rx_flag             0x1fff5a3c     0x1  Data  Gb  VCAN_NRF24L0.o [1]
nrf_rx_front            0x1fff5a3a     0x1  Data  Gb  VCAN_NRF24L0.o [1]
nrf_rx_mode             0x0000872b    0x50  Code  Lc  VCAN_NRF24L0.o [1]
nrf_rx_rear             0x1fff5a3b     0x1  Data  Gb  VCAN_NRF24L0.o [1]
nrf_tx_mode             0x0000877b    0x48  Code  Lc  VCAN_NRF24L0.o [1]
nrf_writebuf            0x00008663    0x28  Code  Lc  VCAN_NRF24L0.o [1]
nrf_writereg            0x00008615    0x26  Code  Lc  VCAN_NRF24L0.o [1]
num_info                0x1fff1194   0x168  Data  Gb  VCAN_UI_VAR.o [1]
obuf                    0x1fff59d4    0x50  Data  Lc  xfiles.o [3]
out_flag_left1          0x1fff2a54     0x4  Data  Gb  define.o [1]
out_flag_left2          0x1fff2a58     0x4  Data  Gb  define.o [1]
out_flag_right1         0x1fff2a70     0x4  Data  Gb  define.o [1]
out_flag_right2         0x1fff2a74     0x4  Data  Gb  define.o [1]
out_left_str            0x1fff2a5c     0x4  Data  Gb  define.o [1]
out_right_str           0x1fff2a78     0x4  Data  Gb  define.o [1]
out_round_pluse         0x1fff2a8c     0x4  Data  Gb  define.o [1]
ov7725_eagle_cfgnum     0x1fff1148     0x1  Data  Gb  VCAN_OV7725_Eagle.o [1]
ov7725_eagle_dma        0x00008419    0x14  Code  Gb  VCAN_OV7725_Eagle.o [1]
ov7725_eagle_get_img    0x0000842d    0x42  Code  Gb  VCAN_OV7725_Eagle.o [1]
ov7725_eagle_img_buff   0x1fff59d0     0x4  Data  Gb  VCAN_OV7725_Eagle.o [1]
ov7725_eagle_img_flag   0x1fff10e0     0x1  Data  Gb  VCAN_OV7725_Eagle.o [1]
ov7725_eagle_init       0x00008361    0x18  Code  Gb  VCAN_OV7725_Eagle.o [1]
ov7725_eagle_port_init  0x00008379    0x54  Code  Lc  VCAN_OV7725_Eagle.o [1]
ov7725_eagle_reg        0x1fff10e4    0x64  Data  Gb  VCAN_OV7725_Eagle.o [1]
ov7725_eagle_reg_init   0x0000846f    0xb0  Code  Lc  VCAN_OV7725_Eagle.o [1]
ov7725_eagle_vsync      0x000083cd    0x4c  Code  Gb  VCAN_OV7725_Eagle.o [1]
pit_init                0x0000a70d    0x6c  Code  Gb  MK60_PIT.o [1]
pll_init                0x0000cf2b    0xb2  Code  Gb  MK60_mcg.o [1]
pluse                   0x1fff4f74     0x4  Data  Gb  steer.o [1]
podao_flag              0x1fff2a9c     0x4  Data  Gb  define.o [1]
podao_pluse             0x1fff2a94     0x4  Data  Gb  define.o [1]
port_init               0x000021c9    0x44  Code  Gb  MK60_port.o [1]
port_init_NoALT         0x0000220d    0x62  Code  Gb  MK60_port.o [1]
printf                  0x0000249d    0x24  Code  Gb  printf.o [3]
putchar                 0x0000d9ad     0xc  Code  Gb  putchar.o [3]
right_black             0x1fff2fe4   0xc80  Data  Gb  picture.o [1]
right_cs                0x1fff0fb8    0xc8  Data  Gb  motor.o [1]
right_max_to_min        0x1fff2a6c     0x4  Data  Gb  define.o [1]
right_min               0x1fff4f7c     0x4  Data  Gb  steer.o [1]
right_min_to_max        0x1fff2a68     0x4  Data  Gb  define.o [1]
round0_pluse            0x1fff2a88     0x4  Data  Gb  define.o [1]
round_left_flag         0x1fff2a44     0x4  Data  Gb  define.o [1]
round_left_flag1        0x1fff2a48     0x4  Data  Gb  define.o [1]
round_pluse             0x1fff2a84     0x4  Data  Gb  define.o [1]
round_pluse5            0x1fff2a7c     0x4  Data  Gb  define.o [1]
round_right_flag        0x1fff2a60     0x4  Data  Gb  define.o [1]
round_right_flag1       0x1fff2a64     0x4  Data  Gb  define.o [1]
save_var                0x00007df5    0x2a  Code  Gb  VCAN_UI_VAR.o [1]
save_var2buff           0x00008297    0x1e  Code  Gb  VCAN_UI_VAR.o [1]
send_key_msg            0x0000279f    0x62  Code  Gb  VCAN_key.o [1]
set_sys_dividers        0x1fff14b5    0x50  Code  Gb  MK60_mcg.o [1]
set_vector_handler      0x0000a663    0x22  Code  Gb  misc.o [1]
show                    0x000074a1   0x39c  Code  Gb  main.o [1]
site                    0x1fff2c18     0x4  Data  Gb  define.o [1]
size                    0x1fff046c     0x4  Data  Gb  define.o [1]
speed                   0x1fff065c    0xc4  Data  Gb  FUZZ.o [1]
speed1                  0x1fff2aa8     0x4  Data  Gb  define.o [1]
speed_set               0x00008b83   0x382  Code  Gb  motor.o [1]
spi_init                0x0000b029   0x32c  Code  Gb  MK60_spi.o [1]
spi_mosi                0x0000b355   0x110  Code  Gb  MK60_spi.o [1]
spi_mosi_cmd            0x0000b465   0x20c  Code  Gb  MK60_spi.o [1]
spot_flag               0x1fff2acc     0x4  Data  Gb  define.o [1]
st7735s_dir             0x1fff5a38     0x1  Data  Gb  VCAN_LCD_ST7735S.o [1]
st7735s_h               0x1fff10c8     0x2  Data  Gb  VCAN_LCD_ST7735S.o [1]
st7735s_w               0x1fff10ca     0x2  Data  Gb  VCAN_LCD_ST7735S.o [1]
start                   0x0000d1c1    0x22  Code  Gb  system_MK60DZ10.o [1]
start_check             0x00002341    0x9a  Code  Gb  MK60_conf.o [1]
steer_D                 0x1fff2ef0     0x4  Data  Gb  define.o [1]
steer_P                 0x1fff2eec     0x4  Data  Gb  define.o [1]
steer_control           0x00005365    0xcc  Code  Gb  steer.o [1]
steer_duty              0x1fff2f04     0x4  Data  Gb  define.o [1]
steer_e                 0x1fff1508    0x20  Data  Gb  define.o [1]
steer_ec                0x1fff1504     0x4  Data  Gb  define.o [1]
steer_error             0x1fff2ef4     0x4  Data  Gb  define.o [1]
steer_error_get         0x00003ee5  0x1456  Code  Gb  steer.o [1]
steer_init              0x00003ed1    0x12  Code  Gb  steer.o [1]
steer_out               0x00005435    0x10  Code  Gb  steer.o [1]
stop                    0x1fff2f08     0x4  Data  Gb  define.o [1]
straight_pluse          0x1fff2a90     0x4  Data  Gb  define.o [1]
strchr                  0x00003521          Code  Gb  strchr.o [5]
strlen                  0x00003539          Code  Gb  strlen.o [5]
sub_speed               0x1fff4f54     0x4  Data  Gb  steer.o [1]
sysinit                 0x0000d1e3    0x3c  Code  Gb  system_MK60DZ10.o [1]
systick_delay           0x00002279    0x36  Code  Gb  MK60_SysTick.o [1]
systick_delay_ms        0x000022af    0x18  Code  Gb  MK60_SysTick.o [1]
uart_init               0x000024c1   0x214  Code  Gb  MK60_uart.o [1]
uart_putchar            0x000026d5    0x1a  Code  Gb  MK60_uart.o [1]
val_cancel              0x00008181    0x3a  Code  Gb  VCAN_UI_VAR.o [1]
var0                    0x1fff2f0c     0x4  Data  Gb  define.o [1]
var1                    0x1fff2f10     0x4  Data  Gb  define.o [1]
var10                   0x1fff2f34     0x4  Data  Gb  define.o [1]
var11                   0x1fff2f38     0x4  Data  Gb  define.o [1]
var12                   0x1fff2f3c     0x4  Data  Gb  define.o [1]
var13                   0x1fff2f40     0x4  Data  Gb  define.o [1]
var14                   0x1fff2f44     0x4  Data  Gb  define.o [1]
var15                   0x1fff2f48     0x4  Data  Gb  define.o [1]
var16                   0x1fff2f4c     0x4  Data  Gb  define.o [1]
var17                   0x1fff2f50     0x4  Data  Gb  define.o [1]
var2                    0x1fff2f14     0x4  Data  Gb  define.o [1]
var3                    0x1fff2f18     0x4  Data  Gb  define.o [1]
var4                    0x1fff2f1c     0x4  Data  Gb  define.o [1]
var5                    0x1fff2f20     0x4  Data  Gb  define.o [1]
var6                    0x1fff2f24     0x4  Data  Gb  define.o [1]
var7                    0x1fff2f28     0x4  Data  Gb  define.o [1]
var8                    0x1fff2f2c     0x4  Data  Gb  define.o [1]
var9                    0x1fff2f30     0x4  Data  Gb  define.o [1]
var_addr                0x1fff114c    0x48  Data  Gb  VCAN_UI_VAR.o [1]
var_display             0x000081bb    0xdc  Code  Gb  VCAN_UI_VAR.o [1]
var_init                0x00007d8d    0x68  Code  Gb  VCAN_UI_VAR.o [1]
var_ok                  0x000080e3    0x9e  Code  Gb  VCAN_UI_VAR.o [1]
var_select              0x0000803d    0xa6  Code  Gb  VCAN_UI_VAR.o [1]
var_syn                 0x000082b5    0x6c  Code  Gb  VCAN_UI_VAR.o [1]
var_value               0x00007e2f   0x20e  Code  Gb  VCAN_UI_VAR.o [1]
vcan_cpy                0x0000a691    0x7c  Code  Gb  misc.o [1]
vector_str              0x1fff0748   0x708  Data  Gb  MK60_conf.o [1]
wdog_disable            0x0000d2f1    0x16  Code  Gb  MK60_wdog.o [1]
wdog_unlock             0x0000d307    0x20  Code  Lc  MK60_wdog.o [1]
write_vtor              0x0000a641    0x22  Code  Gb  misc.o [1]
yuanhuan_direction      0x1fff2a40     0x4  Data  Gb  define.o [1]


[1] = C:\Users\SKY\Desktop\My Document\程序\2018智能车国赛—电磁高车\Prj\IAR\DZ10_Debug\Obj
[2] = command line
[3] = dl7M_tlf.a
[4] = m7M_tl.a
[5] = rt7M_tl.a

  47 356 bytes of readonly  code memory
     456 bytes of readwrite code memory
   8 590 bytes of readonly  data memory
  21 743 bytes of readwrite data memory

Errors: none
Warnings: none
