###############################################################################
#
# IAR ELF Linker V7.40.3.8902/W32 for ARM                 21/Mar/2017  20:09:35
# Copyright 2007-2015 IAR Systems AB.
#
#    Output file  =  
#        C:\Users\Àî¼ªÐÇ\Desktop\µç´Å1ºÅ\Prj\IAR\FX15_Debug\Exe\vcan_Kinetis.out
#    Map file     =  
#        C:\Users\Àî¼ªÐÇ\Desktop\µç´Å1ºÅ\Prj\IAR\FX15_Debug\List\vcan_Kinetis.map
#    Command line =  
#        C:\Users\Àî¼ªÐÇ\Desktop\µç´Å1ºÅ\Prj\IAR\FX15_Debug\Obj\diskio.o
#        C:\Users\Àî¼ªÐÇ\Desktop\µç´Å1ºÅ\Prj\IAR\FX15_Debug\Obj\ff.o
#        C:\Users\Àî¼ªÐÇ\Desktop\µç´Å1ºÅ\Prj\IAR\FX15_Debug\Obj\main.o
#        C:\Users\Àî¼ªÐÇ\Desktop\µç´Å1ºÅ\Prj\IAR\FX15_Debug\Obj\misc.o
#        C:\Users\Àî¼ªÐÇ\Desktop\µç´Å1ºÅ\Prj\IAR\FX15_Debug\Obj\MK60_adc.o
#        C:\Users\Àî¼ªÐÇ\Desktop\µç´Å1ºÅ\Prj\IAR\FX15_Debug\Obj\MK60_can.o
#        C:\Users\Àî¼ªÐÇ\Desktop\µç´Å1ºÅ\Prj\IAR\FX15_Debug\Obj\MK60_conf.o
#        C:\Users\Àî¼ªÐÇ\Desktop\µç´Å1ºÅ\Prj\IAR\FX15_Debug\Obj\MK60_dac.o
#        C:\Users\Àî¼ªÐÇ\Desktop\µç´Å1ºÅ\Prj\IAR\FX15_Debug\Obj\MK60_dma.o
#        C:\Users\Àî¼ªÐÇ\Desktop\µç´Å1ºÅ\Prj\IAR\FX15_Debug\Obj\MK60_DWT.o
#        C:\Users\Àî¼ªÐÇ\Desktop\µç´Å1ºÅ\Prj\IAR\FX15_Debug\Obj\MK60_flash.o
#        C:\Users\Àî¼ªÐÇ\Desktop\µç´Å1ºÅ\Prj\IAR\FX15_Debug\Obj\MK60_flexbus.o
#        C:\Users\Àî¼ªÐÇ\Desktop\µç´Å1ºÅ\Prj\IAR\FX15_Debug\Obj\MK60_ftm.o
#        C:\Users\Àî¼ªÐÇ\Desktop\µç´Å1ºÅ\Prj\IAR\FX15_Debug\Obj\MK60_gpio.o
#        C:\Users\Àî¼ªÐÇ\Desktop\µç´Å1ºÅ\Prj\IAR\FX15_Debug\Obj\MK60_i2c.o
#        C:\Users\Àî¼ªÐÇ\Desktop\µç´Å1ºÅ\Prj\IAR\FX15_Debug\Obj\MK60_it.o
#        C:\Users\Àî¼ªÐÇ\Desktop\µç´Å1ºÅ\Prj\IAR\FX15_Debug\Obj\MK60_lptmr.o
#        C:\Users\Àî¼ªÐÇ\Desktop\µç´Å1ºÅ\Prj\IAR\FX15_Debug\Obj\MK60_mcg.o
#        C:\Users\Àî¼ªÐÇ\Desktop\µç´Å1ºÅ\Prj\IAR\FX15_Debug\Obj\MK60_PIT.o
#        C:\Users\Àî¼ªÐÇ\Desktop\µç´Å1ºÅ\Prj\IAR\FX15_Debug\Obj\MK60_port.o
#        C:\Users\Àî¼ªÐÇ\Desktop\µç´Å1ºÅ\Prj\IAR\FX15_Debug\Obj\MK60_rtc.o
#        C:\Users\Àî¼ªÐÇ\Desktop\µç´Å1ºÅ\Prj\IAR\FX15_Debug\Obj\MK60_sdhc.o
#        C:\Users\Àî¼ªÐÇ\Desktop\µç´Å1ºÅ\Prj\IAR\FX15_Debug\Obj\MK60_spi.o
#        C:\Users\Àî¼ªÐÇ\Desktop\µç´Å1ºÅ\Prj\IAR\FX15_Debug\Obj\MK60_SysTick.o
#        C:\Users\Àî¼ªÐÇ\Desktop\µç´Å1ºÅ\Prj\IAR\FX15_Debug\Obj\MK60_uart.o
#        C:\Users\Àî¼ªÐÇ\Desktop\µç´Å1ºÅ\Prj\IAR\FX15_Debug\Obj\MK60_usb.o
#        C:\Users\Àî¼ªÐÇ\Desktop\µç´Å1ºÅ\Prj\IAR\FX15_Debug\Obj\MK60_wdog.o
#        C:\Users\Àî¼ªÐÇ\Desktop\µç´Å1ºÅ\Prj\IAR\FX15_Debug\Obj\startup_MK60DZ10.o
#        C:\Users\Àî¼ªÐÇ\Desktop\µç´Å1ºÅ\Prj\IAR\FX15_Debug\Obj\system_MK60DZ10.o
#        C:\Users\Àî¼ªÐÇ\Desktop\µç´Å1ºÅ\Prj\IAR\FX15_Debug\Obj\USB.o
#        C:\Users\Àî¼ªÐÇ\Desktop\µç´Å1ºÅ\Prj\IAR\FX15_Debug\Obj\USB_CDC.o
#        C:\Users\Àî¼ªÐÇ\Desktop\µç´Å1ºÅ\Prj\IAR\FX15_Debug\Obj\VCAN_ASCII.o
#        C:\Users\Àî¼ªÐÇ\Desktop\µç´Å1ºÅ\Prj\IAR\FX15_Debug\Obj\VCAN_BMP.o
#        C:\Users\Àî¼ªÐÇ\Desktop\µç´Å1ºÅ\Prj\IAR\FX15_Debug\Obj\vcan_img2sd.o
#        C:\Users\Àî¼ªÐÇ\Desktop\µç´Å1ºÅ\Prj\IAR\FX15_Debug\Obj\VCAN_key.o
#        C:\Users\Àî¼ªÐÇ\Desktop\µç´Å1ºÅ\Prj\IAR\FX15_Debug\Obj\VCAN_key_event.o
#        C:\Users\Àî¼ªÐÇ\Desktop\µç´Å1ºÅ\Prj\IAR\FX15_Debug\Obj\VCAN_LCD.o
#        C:\Users\Àî¼ªÐÇ\Desktop\µç´Å1ºÅ\Prj\IAR\FX15_Debug\Obj\VCAN_LCD_CH.o
#        C:\Users\Àî¼ªÐÇ\Desktop\µç´Å1ºÅ\Prj\IAR\FX15_Debug\Obj\VCAN_LCD_ILI9341.o
#        C:\Users\Àî¼ªÐÇ\Desktop\µç´Å1ºÅ\Prj\IAR\FX15_Debug\Obj\VCAN_LCD_ST7735R.o
#        C:\Users\Àî¼ªÐÇ\Desktop\µç´Å1ºÅ\Prj\IAR\FX15_Debug\Obj\VCAN_LCD_ST7735S.o
#        C:\Users\Àî¼ªÐÇ\Desktop\µç´Å1ºÅ\Prj\IAR\FX15_Debug\Obj\VCAN_LED.o
#        C:\Users\Àî¼ªÐÇ\Desktop\µç´Å1ºÅ\Prj\IAR\FX15_Debug\Obj\VCAN_MMA7455.o
#        C:\Users\Àî¼ªÐÇ\Desktop\µç´Å1ºÅ\Prj\IAR\FX15_Debug\Obj\VCAN_NRF24L0.o
#        C:\Users\Àî¼ªÐÇ\Desktop\µç´Å1ºÅ\Prj\IAR\FX15_Debug\Obj\VCAN_NRF24L0_MSG.o
#        C:\Users\Àî¼ªÐÇ\Desktop\µç´Å1ºÅ\Prj\IAR\FX15_Debug\Obj\VCAN_OV7725_Eagle.o
#        C:\Users\Àî¼ªÐÇ\Desktop\µç´Å1ºÅ\Prj\IAR\FX15_Debug\Obj\VCAN_OV7725_Wolf.o
#        C:\Users\Àî¼ªÐÇ\Desktop\µç´Å1ºÅ\Prj\IAR\FX15_Debug\Obj\VCAN_RTC_count.o
#        C:\Users\Àî¼ªÐÇ\Desktop\µç´Å1ºÅ\Prj\IAR\FX15_Debug\Obj\VCAN_SCCB.o
#        C:\Users\Àî¼ªÐÇ\Desktop\µç´Å1ºÅ\Prj\IAR\FX15_Debug\Obj\vcan_sd_app.o
#        C:\Users\Àî¼ªÐÇ\Desktop\µç´Å1ºÅ\Prj\IAR\FX15_Debug\Obj\Vcan_touch.o
#        C:\Users\Àî¼ªÐÇ\Desktop\µç´Å1ºÅ\Prj\IAR\FX15_Debug\Obj\VCAN_TSL1401.o
#        C:\Users\Àî¼ªÐÇ\Desktop\µç´Å1ºÅ\Prj\IAR\FX15_Debug\Obj\VCAN_UI_VAR.o
#        C:\Users\Àî¼ªÐÇ\Desktop\µç´Å1ºÅ\Prj\IAR\FX15_Debug\Obj\vectors.o
#        --redirect _Printf=_PrintfLargeNoMb --redirect _Scanf=_ScanfLargeNoMb
#        -o
#        C:\Users\Àî¼ªÐÇ\Desktop\µç´Å1ºÅ\Prj\IAR\FX15_Debug\Exe\vcan_Kinetis.out
#        --map
#        C:\Users\Àî¼ªÐÇ\Desktop\µç´Å1ºÅ\Prj\IAR\FX15_Debug\List\vcan_Kinetis.map
#        --config "C:\Users\Àî¼ªÐÇ\Desktop\µç´Å1ºÅ\Prj\IAR\config
#        files\vcan_ROM_K60X512.icf"
#        C:\Users\Àî¼ªÐÇ\Desktop\µç´Å1ºÅ\Prj\IAR\..\..\Lib\CMSIS\iar_cortexM4l_math.a
#        --entry __iar_program_start --redirect __write=__write_buffered --vfe
#
###############################################################################

*******************************************************************************
*** RUNTIME MODEL ATTRIBUTES
***

CppFlavor       = *
__SystemLibrary = DLib


*******************************************************************************
*** PLACEMENT SUMMARY
***

"A1":  place at 0x00000000 { ro section .intvec };
"A2":  place at 0x00000410 { ro section .noinit };
"P1":  place in [from 0x00000000 to 0x00080000] |
                [from 0x10000000 to 0x1007ffff] { ro, block CodeRelocate };
"P2":  place in [from 0x1fff0410 to 0x20010000] {
          rw, block CodeRelocateRam, block CSTACK, block HEAP };

  Section              Kind        Address    Size  Object
  -------              ----        -------    ----  ------
"A1":                                        0x410
  .intvec              const    0x00000000   0x410  vectors.o [1]
                              - 0x00000410   0x410

"A2":                                          0x8
  .noinit              ro code  0x00000410     0x8  startup_MK60DZ10.o [1]
                              - 0x00000418     0x8

"P1":                                       0x6090
  .text                ro code  0x00000418  0x1c2c  VCAN_LCD_ST7735S.o [1]
  .text                ro code  0x00002044   0x130  MK60_gpio.o [1]
  .text                ro code  0x00002174    0xb0  MK60_port.o [1]
  .text                ro code  0x00002224    0x64  MK60_SysTick.o [1]
  Veneer               ro code  0x00002288     0x8  - Linker created -
  Veneer               ro code  0x00002290     0x8  - Linker created -
  .text                ro code  0x00002298   0x140  MK60_conf.o [1]
  .text                ro code  0x000023d8    0x70  VCAN_LED.o [1]
  .text                ro code  0x00002448    0x24  printf.o [3]
  .text                ro code  0x0000246c   0x248  MK60_uart.o [1]
  .text                ro code  0x000026b4    0x9c  VCAN_key.o [1]
  .text                ro code  0x00002750   0xbf6  xprintflarge_nomb.o [3]
  .text                ro code  0x00003348    0x16  strchr.o [5]
  .text                ro code  0x00003360    0x36  strlen.o [5]
  .text                ro code  0x00003398    0x58  memchr.o [5]
  .text                ro code  0x000033f0    0xee  I64DivMod.o [5]
  .text                ro code  0x000034e0    0x76  ABImemcpy_unaligned.o [5]
  .text                ro code  0x00003556    0x42  xdnorm.o [4]
  .text                ro code  0x00003598    0x2e  DblCmpLe.o [4]
  .text                ro code  0x000035c8   0x1a2  DblMul.o [4]
  .text                ro code  0x0000376c   0x256  DblDiv.o [4]
  .text                ro code  0x000039c4    0x2c  DblToI32.o [4]
  .text                ro code  0x000039f0    0x1c  I32ToDbl.o [4]
  .text                ro code  0x00003a0c   0x180  DblSub.o [4]
  .text                ro code  0x00003b8c    0x6c  localeconv.o [3]
  .text                ro code  0x00003bf8     0xe  div.o [3]
  .text                ro code  0x00003c08     0x2  I64DivZer.o [5]
  .text                ro code  0x00003c0c    0xd4  DblAdd.o [4]
  .text                ro code  0x00003ce0     0x2  xtls.o [3]
  .data_init                    0x00003ce4   0x824  <Block>
    Initializer bytes  const    0x00003ce4   0x824  <for .data-1>
  .rodata              const    0x00004508   0x600  VCAN_ASCII.o [1]
  Veneer               ro code  0x00004b08     0x8  - Linker created -
  .text                ro code  0x00004b10   0x3d4  MK60_mcg.o [1]
  .text                ro code  0x00004ee4   0x35c  MK60_ftm.o [1]
  .text                ro code  0x00005240   0x344  VCAN_LCD.o [1]
  .text                ro code  0x00005584   0x2b8  MK60_adc.o [1]
  CodeRelocate                  0x0000583c   0x1f0  <Block>
    Initializer bytes  const    0x0000583c   0x1f0  <for CodeRelocateRam-1>
  .text                ro code  0x00005a2c   0x178  main.o [1]
  .text                ro code  0x00005ba4    0x32  I32ToFlt.o [4]
  .text                ro code  0x00005bd8    0xe6  FltSub.o [4]
  .text                ro code  0x00005cc0    0xd8  FltMul.o [4]
  .text                ro code  0x00005d98    0xfc  FltDiv.o [4]
  .text                ro code  0x00005e94    0x44  FltToS32.o [4]
  .text                ro code  0x00005ed8    0x74  FltAdd.o [4]
  .text                ro code  0x00005f4c   0x130  system_MK60DZ10.o [1]
  .text                ro code  0x0000607c    0x40  MK60_wdog.o [1]
  .text                ro code  0x000060bc    0x2c  misc.o [1]
  .rodata              const    0x000060e8    0x40  VCAN_LCD_ST7735S.o [1]
  .text                ro code  0x00006128    0x40  zero_init3.o [5]
  .rodata              const    0x00006168    0x3c  MK60_conf.o [1]
  .rodata              const    0x000061a4    0x38  MK60_flash.o [1]
  .rodata              const    0x000061dc    0x38  MK60_gpio.o [1]
  .rodata              const    0x00006214    0x38  MK60_SysTick.o [1]
  .rodata              const    0x0000624c    0x38  MK60_uart.o [1]
  .rodata              const    0x00006284    0x34  MK60_adc.o [1]
  .rodata              const    0x000062b8    0x34  MK60_ftm.o [1]
  .rodata              const    0x000062ec    0x30  misc.o [1]
  .text                ro code  0x0000631c    0x28  data_init.o [5]
  .rodata              const    0x00006344    0x24  MK60_conf.o [1]
  .iar.init_table      const    0x00006368    0x10  - Linker created -
  .rodata              const    0x00006378    0x20  MK60_conf.o [1]
  .text                ro code  0x00006398    0x1a  cmain.o [5]
  .text                ro code  0x000063b2     0x4  low_level_init.o [3]
  .text                ro code  0x000063b6     0x4  exit.o [3]
  .text                ro code  0x000063bc     0xa  cexit.o [5]
  .text                ro code  0x000063c8     0xc  XXexit.o [5]
  .text                ro code  0x000063d4    0x16  xprout.o [3]
  .text                ro code  0x000063ec     0xc  putchar.o [3]
  .rodata              const    0x000063f8    0x14  MK60_conf.o [1]
  .text                ro code  0x0000640c     0xc  cstartup_M.o [5]
  .rodata              const    0x00006418     0x4  VCAN_LCD.o [1]
  .rodata              const    0x0000641c     0x4  VCAN_LCD.o [1]
  .rodata              const    0x00006420     0x0  zero_init3.o [5]
  Initializer bytes    const    0x00006420    0x88  <for P2 s0>
                              - 0x000064a8  0x6090

"P2":                                        0xb0c
  .data                         0x1fff0410   0x824  <Block>
    .data-1                     0x1fff0410   0x824  <Init block>
      .data            inited   0x1fff0410     0x4  main.o [1]
      .data            inited   0x1fff0414     0x4  main.o [1]
      .data            inited   0x1fff0418     0x8  main.o [1]
      .data            inited   0x1fff0420     0x8  main.o [1]
      .data            inited   0x1fff0428     0x8  MK60_adc.o [1]
      .data            inited   0x1fff0430   0x708  MK60_conf.o [1]
      .data            inited   0x1fff0b38    0x10  MK60_ftm.o [1]
      .data            inited   0x1fff0b48    0x14  MK60_gpio.o [1]
      .data            inited   0x1fff0b5c    0x58  MK60_mcg.o [1]
      .data            inited   0x1fff0bb4     0x4  MK60_mcg.o [1]
      .data            inited   0x1fff0bb8    0x14  MK60_port.o [1]
      .data            inited   0x1fff0bcc    0x18  MK60_uart.o [1]
      .data            inited   0x1fff0be4     0x8  VCAN_key.o [1]
      .data            inited   0x1fff0bec     0x2  VCAN_LCD_ST7735S.o [1]
      .data            inited   0x1fff0bee     0x2  VCAN_LCD_ST7735S.o [1]
      .data            inited   0x1fff0bf0     0x4  VCAN_LED.o [1]
      .data            inited   0x1fff0bf4    0x40  xfiles.o [3]
  CodeRelocateRam               0x1fff0c34   0x1f0  <Block>
    CodeRelocateRam-1           0x1fff0c34   0x1f0  <Init block>
      Veneer           inited   0x1fff0c34     0x8  - Linker created -
      Veneer           inited   0x1fff0c3c     0x8  - Linker created -
      .textrw          inited   0x1fff0c44   0x190  MK60_flash.o [1]
      .textrw          inited   0x1fff0dd4    0x50  MK60_mcg.o [1]
  .bss                          0x1fff0e24    0x70  <Block>
    .bss               zero     0x1fff0e24     0x4  main.o [1]
    .bss               zero     0x1fff0e28     0x4  main.o [1]
    .bss               zero     0x1fff0e2c     0x4  main.o [1]
    .bss               zero     0x1fff0e30     0x4  main.o [1]
    .bss               zero     0x1fff0e34     0x4  system_MK60DZ10.o [1]
    .bss               zero     0x1fff0e38     0x4  system_MK60DZ10.o [1]
    .bss               zero     0x1fff0e3c     0x4  system_MK60DZ10.o [1]
    .bss               zero     0x1fff0e40    0x50  xfiles.o [3]
    .bss               zero     0x1fff0e90     0x1  VCAN_LCD_ST7735S.o [1]
  P2 s0                         0x1fff0e94    0x88  <Init block>
    __DLIB_PERTHREAD   inited   0x1fff0e94    0x88  localeconv.o [3]
                              - 0x1fff0f1c   0xb0c


*******************************************************************************
*** INIT TABLE
***

          Address     Size
          -------     ----
Zero (__iar_zero_init3)
    1 destination range, total size 0x6d:
          0x1fff0e24  0x6d



*******************************************************************************
*** MODULE SUMMARY
***

    Module                 ro code  rw code  ro data  rw data
    ------                 -------  -------  -------  -------
C:\Users\Àî¼ªÐÇ\Desktop\µç´Å1ºÅ\Prj\IAR\FX15_Debug\Obj: [1]
    MK60_SysTick.o             100                56
    MK60_adc.o                 696                60        8
    MK60_conf.o                320             1 948    1 800
    MK60_flash.o                        400      456
    MK60_ftm.o                 860                68       16
    MK60_gpio.o                304                76       20
    MK60_mcg.o                 980       80      172       92
    MK60_port.o                176                20       20
    MK60_uart.o                584                80       24
    MK60_wdog.o                 64
    VCAN_ASCII.o                               1 536
    VCAN_LCD.o                 836                 8
    VCAN_LCD_ST7735S.o       7 212                68        5
    VCAN_LED.o                 112                 4        4
    VCAN_key.o                 156                 8        8
    main.o                     376                24       40
    misc.o                      44                48
    startup_MK60DZ10.o           8
    system_MK60DZ10.o          304                         12
    vectors.o                                  1 040
    ---------------------------------------------------------
    Total:                  13 132      480    5 672    2 049

command line: [2]
    ---------------------------------------------------------
    Total:

dl7M_tlf.a: [3]
    div.o                       14
    exit.o                       4
    localeconv.o               108               136      136
    low_level_init.o             4
    printf.o                    36
    putchar.o                   12
    xfiles.o                                      64      144
    xprintflarge_nomb.o      3 062
    xprout.o                    22
    xtls.o                       2
    ---------------------------------------------------------
    Total:                   3 264               200      280

m7M_tl.a: [4]
    DblAdd.o                   212
    DblCmpLe.o                  46
    DblDiv.o                   598
    DblMul.o                   418
    DblSub.o                   384
    DblToI32.o                  44
    FltAdd.o                   116
    FltDiv.o                   252
    FltMul.o                   216
    FltSub.o                   230
    FltToS32.o                  68
    I32ToDbl.o                  28
    I32ToFlt.o                  50
    xdnorm.o                    66
    ---------------------------------------------------------
    Total:                   2 728

rt7M_tl.a: [5]
    ABImemcpy_unaligned.o      118
    I64DivMod.o                238
    I64DivZer.o                  2
    XXexit.o                    12
    cexit.o                     10
    cmain.o                     26
    cstartup_M.o                12
    data_init.o                 40
    memchr.o                    88
    strchr.o                    22
    strlen.o                    54
    zero_init3.o                64
    ---------------------------------------------------------
    Total:                     686

    Gaps                        28
    Linker created              24       16       32
-------------------------------------------------------------
    Grand Total:            19 862      496    5 904    2 329


*******************************************************************************
*** ENTRY LIST
***

Entry                      Address   Size  Type      Object
-----                      -------   ----  ----      ------
.bss$$Base              0x1fff0e24          --   Gb  - Linker created -
.bss$$Limit             0x1fff0e94          --   Gb  - Linker created -
.data$$Base             0x1fff0410          --   Gb  - Linker created -
.data$$Limit            0x1fff0c34          --   Gb  - Linker created -
.data_init$$Base        0x00003ce4          --   Gb  - Linker created -
.data_init$$Limit       0x00004508          --   Gb  - Linker created -
.iar.init_table$$Base   0x00006368          --   Gb  - Linker created -
.iar.init_table$$Limit  0x00006378          --   Gb  - Linker created -
?main                   0x00006399         Code  Gb  cmain.o [5]
AD0                     0x1fff0e2c    0x4  Data  Gb  main.o [1]
AD1                     0x1fff0e30    0x4  Data  Gb  main.o [1]
ADCDEAL                 0x00005a51   0xbc  Code  Gb  main.o [1]
ADCN                    0x1fff0428    0x8  Data  Gb  MK60_adc.o [1]
ADC_GET                 0x00005a2d   0x24  Code  Gb  main.o [1]
ASSERT_FAILED_STR       0x00006344   0x24  Data  Gb  MK60_conf.o [1]
CodeRelocate$$Base      0x0000583c          --   Gb  - Linker created -
CodeRelocate$$Limit     0x00005a2c          --   Gb  - Linker created -
CodeRelocateRam$$Base   0x1fff0c34          --   Gb  - Linker created -
CodeRelocateRam$$Limit  0x1fff0e24          --   Gb  - Linker created -
FTMN                    0x1fff0b38   0x10  Data  Gb  MK60_ftm.o [1]
FTM_port_mux            0x00004ee5  0x1ac  Code  Lc  MK60_ftm.o [1]
GPIOX                   0x1fff0b48   0x14  Data  Gb  MK60_gpio.o [1]
KEY_PTxn                0x1fff0be4    0x8  Data  Gb  VCAN_key.o [1]
LCD_ST7735S_dir         0x000013d7  0xa0c  Code  Gb  VCAN_LCD_ST7735S.o [1]
LCD_ST7735S_init        0x00000419  0xfbe  Code  Gb  VCAN_LCD_ST7735S.o [1]
LCD_ST7735S_ptlon       0x00001df9  0x21c  Code  Gb  VCAN_LCD_ST7735S.o [1]
LCD_char                0x0000533d  0x19e  Code  Gb  VCAN_LCD.o [1]
LCD_init                0x00005241   0x2c  Code  Gb  VCAN_LCD.o [1]
LCD_num                 0x000054db   0x88  Code  Gb  VCAN_LCD.o [1]
LCD_rectangle           0x0000526d   0xd0  Code  Gb  VCAN_LCD.o [1]
LED_PTxn                0x1fff0bf0    0x4  Data  Gb  VCAN_LED.o [1]
LoadInt                 0x00002cd1   0x6e  Code  Lc  xprintflarge_nomb.o [3]
NVIC_SystemReset        0x00002299   0x1a  Code  Lc  MK60_conf.o [1]
PORTX                   0x1fff0bb8   0x14  Data  Gb  MK60_port.o [1]
Region$$Table$$Base     0x00006368          --   Gb  - Linker created -
Region$$Table$$Limit    0x00006378          --   Gb  - Linker created -
Reset_Handler           0x00000411         Code  Gb  startup_MK60DZ10.o [1]
ST7735S_get_h           0x00002015    0x6  Code  Gb  VCAN_LCD_ST7735S.o [1]
ST7735S_get_w           0x0000201b    0x6  Code  Gb  VCAN_LCD_ST7735S.o [1]
UARTN                   0x1fff0bcc   0x18  Data  Gb  MK60_uart.o [1]
_GenldLargeNoMb         0x000030c5  0x238  Code  Lc  xprintflarge_nomb.o [3]
_LdtobLargeNoMb         0x00002e45  0x27a  Code  Lc  xprintflarge_nomb.o [3]
_LitobLargeNoMb         0x00002d3f  0x106  Code  Lc  xprintflarge_nomb.o [3]
_Locale_aeabi_lconv     0x1fff0ee4   0x38  Data  Gb  localeconv.o [3]
_Locale_lconv           0x1fff0e94   0x50  Data  Gb  localeconv.o [3]
_PrintfLargeNoMb        0x00002751  0x57a  Code  Gb  xprintflarge_nomb.o [3]
_Prout                  0x000063d5   0x16  Code  Gb  xprout.o [3]
_PutcharsLargeNoMb      0x000032fd   0x2e  Code  Lc  xprintflarge_nomb.o [3]
__BOOT_STACK_ADDRESS {Abs}
                        0x2000fff8          --   Gb  command line/config [2]
__VECTOR_RAM {Abs}      0x1fff0000          --   Gb  command line/config [2]
__VECTOR_TABLE {Abs}    0x00000000          --   Gb  command line/config [2]
__aeabi_cdcmple         0x00003599         Code  Gb  DblCmpLe.o [4]
__aeabi_d2uiz           0x000039c5         Code  Gb  DblToI32.o [4]
__aeabi_ddiv            0x0000376d         Code  Gb  DblDiv.o [4]
__aeabi_dmul            0x000035c9         Code  Gb  DblMul.o [4]
__aeabi_dsub            0x00003a0d         Code  Gb  DblSub.o [4]
__aeabi_f2iz            0x00005e95         Code  Gb  FltToS32.o [4]
__aeabi_fdiv            0x00005d99         Code  Gb  FltDiv.o [4]
__aeabi_fmul            0x00005cc1         Code  Gb  FltMul.o [4]
__aeabi_fsub            0x00005bd9         Code  Gb  FltSub.o [4]
__aeabi_i2f             0x00005ba5         Code  Gb  I32ToFlt.o [4]
__aeabi_ldiv0           0x00003c09         Code  Gb  I64DivZer.o [5]
__aeabi_ui2d            0x000039f1         Code  Gb  I32ToDbl.o [4]
__aeabi_ui2f            0x00005bb9         Code  Gb  I32ToFlt.o [4]
__aeabi_uldivmod        0x000033f1         Code  Gb  I64DivMod.o [5]
__cmain                 0x00006399         Code  Gb  cmain.o [5]
__code_start__ {Abs}    0x00000410          --   Gb  command line/config [2]
__exit                  0x000063c9         Code  Gb  XXexit.o [5]
__iar_Dnorm             0x00003557   0x42  Code  Gb  xdnorm.o [4]
__iar_Locale_lconv_init
                        0x00003b8d   0x3a  Code  Gb  localeconv.o [3]
__iar_Memchr            0x00003399         Code  Gb  memchr.o [5]
__iar_Stdout            0x1fff0bf4   0x40  Data  Gb  xfiles.o [3]
__iar_Strchr            0x00003349         Code  Gb  strchr.o [5]
__iar_d2uiz             0x000039d1         Code  Gb  DblToI32.o [4]
__iar_dadd              0x00003c0d         Code  Gb  DblAdd.o [4]
__iar_data_init3        0x0000631d   0x28  Code  Gb  data_init.o [5]
__iar_dlib_perthread_access
                        0x00003ce1    0x2  Code  Gb  xtls.o [3]
__iar_dsub              0x00003a21         Code  Gb  DblSub.o [4]
__iar_dsubStart         0x00003a33         Code  Gb  DblSub.o [4]
__iar_fadd              0x00005ed9         Code  Gb  FltAdd.o [4]
__iar_fsub              0x00005be9         Code  Gb  FltSub.o [4]
__iar_fsubStart         0x00005bf9         Code  Gb  FltSub.o [4]
__iar_program_start     0x0000640d         Code  Gb  cstartup_M.o [5]
__iar_ui2d              0x000039f5         Code  Gb  I32ToDbl.o [4]
__iar_ui2f              0x00005bbd         Code  Gb  I32ToFlt.o [4]
__iar_unaligned___aeabi_memcpy
                        0x000034e1         Code  Gb  ABImemcpy_unaligned.o [5]
__iar_unaligned___aeabi_memcpy4
                        0x00003501         Code  Gb  ABImemcpy_unaligned.o [5]
__iar_unaligned___aeabi_memcpy8
                        0x00003501         Code  Gb  ABImemcpy_unaligned.o [5]
__iar_zero_init3        0x00006129   0x40  Code  Gb  zero_init3.o [5]
__low_level_init        0x000063b3    0x4  Code  Gb  low_level_init.o [3]
__vector_table          0x00000000  0x410  Data  Gb  vectors.o [1]
_call_main              0x000063a5         Code  Gb  cmain.o [5]
_exit                   0x000063bd         Code  Gb  cexit.o [5]
_main                   0x000063af         Code  Gb  cmain.o [5]
ad_value0               0x1fff0e24    0x4  Data  Gb  main.o [1]
ad_value1               0x1fff0e28    0x4  Data  Gb  main.o [1]
adc_init                0x00005585  0x20e  Code  Gb  MK60_adc.o [1]
adc_once                0x00005793   0x50  Code  Gb  MK60_adc.o [1]
adc_start               0x000057e3   0x44  Code  Lc  MK60_adc.o [1]
ascii_8x16              0x00004508  0x600  Data  Gb  VCAN_ASCII.o [1]
assert_failed           0x000022b3   0x26  Code  Gb  MK60_conf.o [1]
bus_clk_khz             0x1fff0e3c    0x4  Data  Gb  system_MK60DZ10.o [1]
common_startup          0x00005fab   0x98  Code  Gb  system_MK60DZ10.o [1]
const1                  0x1fff0410    0x4  Data  Gb  main.o [1]
const2                  0x1fff0414    0x4  Data  Gb  main.o [1]
core_clk_khz            0x1fff0e34    0x4  Data  Gb  system_MK60DZ10.o [1]
core_clk_mhz            0x1fff0e38    0x4  Data  Gb  system_MK60DZ10.o [1]
default_isr             0x00002387   0x30  Code  Gb  MK60_conf.o [1]
div                     0x00003bf9    0xe  Code  Gb  div.o [3]
exit                    0x000063b7    0x4  Code  Gb  exit.o [3]
flash_cmd               0x1fff0c45   0x20  Code  Gb  MK60_flash.o [1]
flash_erase_sector      0x1fff0c89   0x5c  Code  Gb  MK60_flash.o [1]
flash_init              0x1fff0c65   0x24  Code  Gb  MK60_flash.o [1]
flash_write             0x1fff0ce5   0xb4  Code  Gb  MK60_flash.o [1]
fputc                   0x000022d9   0x14  Code  Gb  MK60_conf.o [1]
ftm_pwm_init            0x00005091  0x19c  Code  Gb  MK60_ftm.o [1]
gpio_get                0x0000212d   0x3e  Code  Gb  MK60_gpio.o [1]
gpio_init               0x00002045   0xae  Code  Gb  MK60_gpio.o [1]
gpio_turn               0x000020f3   0x3a  Code  Gb  MK60_gpio.o [1]
key_check               0x00002721   0x2a  Code  Gb  VCAN_key.o [1]
key_get                 0x00002707   0x1a  Code  Gb  VCAN_key.o [1]
key_init                0x000026b5   0x52  Code  Gb  VCAN_key.o [1]
led_init                0x000023d9   0x3a  Code  Gb  VCAN_LED.o [1]
led_turn                0x00002413   0x32  Code  Gb  VCAN_LED.o [1]
localeconv              0x00003bc7   0x16  Code  Gb  localeconv.o [3]
main                    0x00005b81   0x24  Code  Gb  main.o [1]
max_v                   0x1fff0418    0x8  Data  Gb  main.o [1]
mcg_cfg                 0x1fff0b5c   0x58  Data  Gb  MK60_mcg.o [1]
mcg_div                 0x1fff0bb4    0x4  Data  Gb  MK60_mcg.o [1]
mcg_div_count           0x00004b11  0x304  Code  Gb  MK60_mcg.o [1]
memchr                  0x00003399         Code  Gb  memchr.o [5]
min_v                   0x1fff0420    0x8  Data  Gb  main.o [1]
motor_init              0x00005b45   0x3c  Code  Gb  main.o [1]
obuf                    0x1fff0e40   0x50  Data  Lc  xfiles.o [3]
pll_init                0x00004e15   0xb2  Code  Gb  MK60_mcg.o [1]
port_init               0x00002175   0x44  Code  Gb  MK60_port.o [1]
port_init_NoALT         0x000021b9   0x62  Code  Gb  MK60_port.o [1]
printf                  0x00002449   0x24  Code  Gb  printf.o [3]
putchar                 0x000063ed    0xc  Code  Gb  putchar.o [3]
set_sys_dividers        0x1fff0dd5   0x50  Code  Gb  MK60_mcg.o [1]
st7735s_dir             0x1fff0e90    0x1  Data  Gb  VCAN_LCD_ST7735S.o [1]
st7735s_h               0x1fff0bec    0x2  Data  Gb  VCAN_LCD_ST7735S.o [1]
st7735s_w               0x1fff0bee    0x2  Data  Gb  VCAN_LCD_ST7735S.o [1]
start                   0x00005f4d   0x22  Code  Gb  system_MK60DZ10.o [1]
start_check             0x000022ed   0x9a  Code  Gb  MK60_conf.o [1]
steer_init              0x00005b0d   0x12  Code  Gb  main.o [1]
strchr                  0x00003349         Code  Gb  strchr.o [5]
strlen                  0x00003361         Code  Gb  strlen.o [5]
sysinit                 0x00005f6f   0x3c  Code  Gb  system_MK60DZ10.o [1]
systick_delay           0x00002225   0x36  Code  Gb  MK60_SysTick.o [1]
systick_delay_ms        0x0000225b   0x18  Code  Gb  MK60_SysTick.o [1]
uart_init               0x0000246d  0x214  Code  Gb  MK60_uart.o [1]
uart_putchar            0x00002681   0x1a  Code  Gb  MK60_uart.o [1]
vector_str              0x1fff0430  0x708  Data  Gb  MK60_conf.o [1]
wdog_disable            0x0000607d   0x16  Code  Gb  MK60_wdog.o [1]
wdog_unlock             0x00006093   0x20  Code  Lc  MK60_wdog.o [1]
write_vtor              0x000060bd   0x22  Code  Gb  misc.o [1]


[1] = C:\Users\Àî¼ªÐÇ\Desktop\µç´Å1ºÅ\Prj\IAR\FX15_Debug\Obj
[2] = command line
[3] = dl7M_tlf.a
[4] = m7M_tl.a
[5] = rt7M_tl.a

  19 862 bytes of readonly  code memory
     496 bytes of readwrite code memory
   5 904 bytes of readonly  data memory
   2 329 bytes of readwrite data memory

Errors: none
Warnings: none
