###############################################################################
#
# IAR ELF Linker V7.40.3.8902/W32 for ARM                 20/Aug/2018  11:38:04
# Copyright 2007-2015 IAR Systems AB.
#
#    Output file  =  
#        C:\Users\SKY\Desktop\My
#        Document\程序\2018智能车国赛—电磁矮车\Prj\IAR\DZ10_Debug\Exe\vcan_Kinetis.out
#    Map file     =  
#        C:\Users\SKY\Desktop\My
#        Document\程序\2018智能车国赛—电磁矮车\Prj\IAR\DZ10_Debug\List\vcan_Kinetis.map
#    Command line =  
#        "C:\Users\SKY\Desktop\My
#        Document\程序\2018智能车国赛—电磁矮车\Prj\IAR\DZ10_Debug\Obj\AD.o"
#        "C:\Users\SKY\Desktop\My
#        Document\程序\2018智能车国赛—电磁矮车\Prj\IAR\DZ10_Debug\Obj\define.o"
#        "C:\Users\SKY\Desktop\My
#        Document\程序\2018智能车国赛—电磁矮车\Prj\IAR\DZ10_Debug\Obj\diskio.o"
#        "C:\Users\SKY\Desktop\My
#        Document\程序\2018智能车国赛—电磁矮车\Prj\IAR\DZ10_Debug\Obj\ff.o"
#        "C:\Users\SKY\Desktop\My
#        Document\程序\2018智能车国赛—电磁矮车\Prj\IAR\DZ10_Debug\Obj\fuzzy.o"
#        "C:\Users\SKY\Desktop\My
#        Document\程序\2018智能车国赛—电磁矮车\Prj\IAR\DZ10_Debug\Obj\main.o"
#        "C:\Users\SKY\Desktop\My
#        Document\程序\2018智能车国赛—电磁矮车\Prj\IAR\DZ10_Debug\Obj\misc.o"
#        "C:\Users\SKY\Desktop\My
#        Document\程序\2018智能车国赛—电磁矮车\Prj\IAR\DZ10_Debug\Obj\MK60_adc.o"
#        "C:\Users\SKY\Desktop\My
#        Document\程序\2018智能车国赛—电磁矮车\Prj\IAR\DZ10_Debug\Obj\MK60_can.o"
#        "C:\Users\SKY\Desktop\My
#        Document\程序\2018智能车国赛—电磁矮车\Prj\IAR\DZ10_Debug\Obj\MK60_conf.o"
#        "C:\Users\SKY\Desktop\My
#        Document\程序\2018智能车国赛—电磁矮车\Prj\IAR\DZ10_Debug\Obj\MK60_dac.o"
#        "C:\Users\SKY\Desktop\My
#        Document\程序\2018智能车国赛—电磁矮车\Prj\IAR\DZ10_Debug\Obj\MK60_dma.o"
#        "C:\Users\SKY\Desktop\My
#        Document\程序\2018智能车国赛—电磁矮车\Prj\IAR\DZ10_Debug\Obj\MK60_DWT.o"
#        "C:\Users\SKY\Desktop\My
#        Document\程序\2018智能车国赛—电磁矮车\Prj\IAR\DZ10_Debug\Obj\MK60_flash.o"
#        "C:\Users\SKY\Desktop\My
#        Document\程序\2018智能车国赛—电磁矮车\Prj\IAR\DZ10_Debug\Obj\MK60_flexbus.o"
#        "C:\Users\SKY\Desktop\My
#        Document\程序\2018智能车国赛—电磁矮车\Prj\IAR\DZ10_Debug\Obj\MK60_ftm.o"
#        "C:\Users\SKY\Desktop\My
#        Document\程序\2018智能车国赛—电磁矮车\Prj\IAR\DZ10_Debug\Obj\MK60_gpio.o"
#        "C:\Users\SKY\Desktop\My
#        Document\程序\2018智能车国赛—电磁矮车\Prj\IAR\DZ10_Debug\Obj\MK60_i2c.o"
#        "C:\Users\SKY\Desktop\My
#        Document\程序\2018智能车国赛—电磁矮车\Prj\IAR\DZ10_Debug\Obj\MK60_it.o"
#        "C:\Users\SKY\Desktop\My
#        Document\程序\2018智能车国赛—电磁矮车\Prj\IAR\DZ10_Debug\Obj\MK60_lptmr.o"
#        "C:\Users\SKY\Desktop\My
#        Document\程序\2018智能车国赛—电磁矮车\Prj\IAR\DZ10_Debug\Obj\MK60_mcg.o"
#        "C:\Users\SKY\Desktop\My
#        Document\程序\2018智能车国赛—电磁矮车\Prj\IAR\DZ10_Debug\Obj\MK60_PIT.o"
#        "C:\Users\SKY\Desktop\My
#        Document\程序\2018智能车国赛—电磁矮车\Prj\IAR\DZ10_Debug\Obj\MK60_port.o"
#        "C:\Users\SKY\Desktop\My
#        Document\程序\2018智能车国赛—电磁矮车\Prj\IAR\DZ10_Debug\Obj\MK60_rtc.o"
#        "C:\Users\SKY\Desktop\My
#        Document\程序\2018智能车国赛—电磁矮车\Prj\IAR\DZ10_Debug\Obj\MK60_sdhc.o"
#        "C:\Users\SKY\Desktop\My
#        Document\程序\2018智能车国赛—电磁矮车\Prj\IAR\DZ10_Debug\Obj\MK60_spi.o"
#        "C:\Users\SKY\Desktop\My
#        Document\程序\2018智能车国赛—电磁矮车\Prj\IAR\DZ10_Debug\Obj\MK60_SysTick.o"
#        "C:\Users\SKY\Desktop\My
#        Document\程序\2018智能车国赛—电磁矮车\Prj\IAR\DZ10_Debug\Obj\MK60_uart.o"
#        "C:\Users\SKY\Desktop\My
#        Document\程序\2018智能车国赛—电磁矮车\Prj\IAR\DZ10_Debug\Obj\MK60_usb.o"
#        "C:\Users\SKY\Desktop\My
#        Document\程序\2018智能车国赛—电磁矮车\Prj\IAR\DZ10_Debug\Obj\MK60_wdog.o"
#        "C:\Users\SKY\Desktop\My
#        Document\程序\2018智能车国赛—电磁矮车\Prj\IAR\DZ10_Debug\Obj\motor.o"
#        "C:\Users\SKY\Desktop\My
#        Document\程序\2018智能车国赛—电磁矮车\Prj\IAR\DZ10_Debug\Obj\picture.o"
#        "C:\Users\SKY\Desktop\My
#        Document\程序\2018智能车国赛—电磁矮车\Prj\IAR\DZ10_Debug\Obj\startup_MK60DZ10.o"
#        "C:\Users\SKY\Desktop\My
#        Document\程序\2018智能车国赛—电磁矮车\Prj\IAR\DZ10_Debug\Obj\steer.o"
#        "C:\Users\SKY\Desktop\My
#        Document\程序\2018智能车国赛—电磁矮车\Prj\IAR\DZ10_Debug\Obj\system_MK60DZ10.o"
#        "C:\Users\SKY\Desktop\My
#        Document\程序\2018智能车国赛—电磁矮车\Prj\IAR\DZ10_Debug\Obj\USB.o"
#        "C:\Users\SKY\Desktop\My
#        Document\程序\2018智能车国赛—电磁矮车\Prj\IAR\DZ10_Debug\Obj\USB_CDC.o"
#        "C:\Users\SKY\Desktop\My
#        Document\程序\2018智能车国赛—电磁矮车\Prj\IAR\DZ10_Debug\Obj\VCAN_ASCII.o"
#        "C:\Users\SKY\Desktop\My
#        Document\程序\2018智能车国赛—电磁矮车\Prj\IAR\DZ10_Debug\Obj\VCAN_BMP.o"
#        "C:\Users\SKY\Desktop\My
#        Document\程序\2018智能车国赛—电磁矮车\Prj\IAR\DZ10_Debug\Obj\vcan_img2sd.o"
#        "C:\Users\SKY\Desktop\My
#        Document\程序\2018智能车国赛—电磁矮车\Prj\IAR\DZ10_Debug\Obj\VCAN_key.o"
#        "C:\Users\SKY\Desktop\My
#        Document\程序\2018智能车国赛—电磁矮车\Prj\IAR\DZ10_Debug\Obj\VCAN_key_event.o"
#        "C:\Users\SKY\Desktop\My
#        Document\程序\2018智能车国赛—电磁矮车\Prj\IAR\DZ10_Debug\Obj\VCAN_LCD.o"
#        "C:\Users\SKY\Desktop\My
#        Document\程序\2018智能车国赛—电磁矮车\Prj\IAR\DZ10_Debug\Obj\VCAN_LCD_CH.o"
#        "C:\Users\SKY\Desktop\My
#        Document\程序\2018智能车国赛—电磁矮车\Prj\IAR\DZ10_Debug\Obj\VCAN_LCD_ILI9341.o"
#        "C:\Users\SKY\Desktop\My
#        Document\程序\2018智能车国赛—电磁矮车\Prj\IAR\DZ10_Debug\Obj\VCAN_LCD_ST7735R.o"
#        "C:\Users\SKY\Desktop\My
#        Document\程序\2018智能车国赛—电磁矮车\Prj\IAR\DZ10_Debug\Obj\VCAN_LCD_ST7735S.o"
#        "C:\Users\SKY\Desktop\My
#        Document\程序\2018智能车国赛—电磁矮车\Prj\IAR\DZ10_Debug\Obj\VCAN_LED.o"
#        "C:\Users\SKY\Desktop\My
#        Document\程序\2018智能车国赛—电磁矮车\Prj\IAR\DZ10_Debug\Obj\VCAN_MMA7455.o"
#        "C:\Users\SKY\Desktop\My
#        Document\程序\2018智能车国赛—电磁矮车\Prj\IAR\DZ10_Debug\Obj\VCAN_NRF24L0.o"
#        "C:\Users\SKY\Desktop\My
#        Document\程序\2018智能车国赛—电磁矮车\Prj\IAR\DZ10_Debug\Obj\VCAN_NRF24L0_MSG.o"
#        "C:\Users\SKY\Desktop\My
#        Document\程序\2018智能车国赛—电磁矮车\Prj\IAR\DZ10_Debug\Obj\VCAN_OV7725_Eagle.o"
#        "C:\Users\SKY\Desktop\My
#        Document\程序\2018智能车国赛—电磁矮车\Prj\IAR\DZ10_Debug\Obj\VCAN_OV7725_Wolf.o"
#        "C:\Users\SKY\Desktop\My
#        Document\程序\2018智能车国赛—电磁矮车\Prj\IAR\DZ10_Debug\Obj\VCAN_RTC_count.o"
#        "C:\Users\SKY\Desktop\My
#        Document\程序\2018智能车国赛—电磁矮车\Prj\IAR\DZ10_Debug\Obj\VCAN_SCCB.o"
#        "C:\Users\SKY\Desktop\My
#        Document\程序\2018智能车国赛—电磁矮车\Prj\IAR\DZ10_Debug\Obj\vcan_sd_app.o"
#        "C:\Users\SKY\Desktop\My
#        Document\程序\2018智能车国赛—电磁矮车\Prj\IAR\DZ10_Debug\Obj\Vcan_touch.o"
#        "C:\Users\SKY\Desktop\My
#        Document\程序\2018智能车国赛—电磁矮车\Prj\IAR\DZ10_Debug\Obj\VCAN_TSL1401.o"
#        "C:\Users\SKY\Desktop\My
#        Document\程序\2018智能车国赛—电磁矮车\Prj\IAR\DZ10_Debug\Obj\VCAN_UI_VAR.o"
#        "C:\Users\SKY\Desktop\My
#        Document\程序\2018智能车国赛—电磁矮车\Prj\IAR\DZ10_Debug\Obj\vectors.o"
#        --redirect _Printf=_PrintfLargeNoMb --redirect _Scanf=_ScanfLargeNoMb
#        -o "C:\Users\SKY\Desktop\My
#        Document\程序\2018智能车国赛—电磁矮车\Prj\IAR\DZ10_Debug\Exe\vcan_Kinetis.out"
#        --map "C:\Users\SKY\Desktop\My
#        Document\程序\2018智能车国赛—电磁矮车\Prj\IAR\DZ10_Debug\List\vcan_Kinetis.map"
#        --config "C:\Users\SKY\Desktop\My
#        Document\程序\2018智能车国赛—电磁矮车\Prj\IAR\config
#        files\vcan_ROM_K60N512.icf" "C:\Users\SKY\Desktop\My
#        Document\程序\2018智能车国赛—电磁矮车\Prj\IAR\..\..\Lib\CMSIS\iar_cortexM4l_math.a"
#        --entry __iar_program_start --vfe
#
###############################################################################

*******************************************************************************
*** RUNTIME MODEL ATTRIBUTES
***

CppFlavor       = *
__SystemLibrary = DLib


*******************************************************************************
*** PLACEMENT SUMMARY
***

"A1":  place at 0x00000000 { ro section .intvec };
"A2":  place at 0x00000410 { ro section .noinit };
"P1":  place in [from 0x00000000 to 0x00080000] { ro, block CodeRelocate };
"P2":  place in [from 0x1fff0410 to 0x20010000] {
          rw, block CodeRelocateRam, block CSTACK, block HEAP };

  Section              Kind        Address    Size  Object
  -------              ----        -------    ----  ------
"A1":                                        0x410
  .intvec              const    0x00000000   0x410  vectors.o [1]
                              - 0x00000410   0x410

"A2":                                          0x8
  .noinit              ro code  0x00000410     0x8  startup_MK60DZ10.o [1]
                              - 0x00000418     0x8

"P1":                                       0xd37c
  .text                ro code  0x00000418  0x1c2c  VCAN_LCD_ST7735S.o [1]
  .text                ro code  0x00002044   0x1a4  MK60_gpio.o [1]
  .text                ro code  0x000021e8    0xb0  MK60_port.o [1]
  .text                ro code  0x00002298    0x64  MK60_SysTick.o [1]
  Veneer               ro code  0x000022fc     0x8  - Linker created -
  Veneer               ro code  0x00002304     0x8  - Linker created -
  .text                ro code  0x0000230c   0x140  MK60_conf.o [1]
  .text                ro code  0x0000244c    0x70  VCAN_LED.o [1]
  .text                ro code  0x000024bc    0x24  printf.o [3]
  .text                ro code  0x000024e0   0x2a8  MK60_uart.o [1]
  .text                ro code  0x00002788   0x220  VCAN_key.o [1]
  .text                ro code  0x000029a8   0xbf6  xprintflarge_nomb.o [3]
  .rodata              const    0x0000359e     0x2  picture.o [1]
  .text                ro code  0x000035a0    0x16  strchr.o [5]
  .text                ro code  0x000035b8    0x36  strlen.o [5]
  .text                ro code  0x000035f0    0x58  memchr.o [5]
  .text                ro code  0x00003648    0xee  I64DivMod.o [5]
  .text                ro code  0x00003738    0x76  ABImemcpy_unaligned.o [5]
  .text                ro code  0x000037ae    0x42  xdnorm.o [4]
  .text                ro code  0x000037f0    0x2e  DblCmpLe.o [4]
  .text                ro code  0x00003820   0x1a2  DblMul.o [4]
  .text                ro code  0x000039c4   0x256  DblDiv.o [4]
  .text                ro code  0x00003c1c    0x2c  DblToI32.o [4]
  .text                ro code  0x00003c48    0x30  I32ToDbl.o [4]
  .text                ro code  0x00003c78   0x180  DblSub.o [4]
  .text                ro code  0x00003df8    0x6c  localeconv.o [3]
  .text                ro code  0x00003e64     0xe  div.o [3]
  .text                ro code  0x00003e74     0x2  I64DivZer.o [5]
  .text                ro code  0x00003e78    0xd4  DblAdd.o [4]
  .text                ro code  0x00003f4c     0x2  xtls.o [3]
  .text                ro code  0x00003f50  0x15e0  steer.o [1]
  .text                ro code  0x00005530   0x4fc  MK60_ftm.o [1]
  .text                ro code  0x00005a2c     0x8  abs.o [3]
  .text                ro code  0x00005a34   0x9a4  fuzzy.o [1]
  .text                ro code  0x000063d8    0x84  FltAdd.o [4]
  .text                ro code  0x0000645c    0x4e  FltToDbl.o [4]
  .text                ro code  0x000064ac    0x90  DblToFlt.o [4]
  .text                ro code  0x0000653c    0x2e  I32ToFlt.o [4]
  .text                ro code  0x0000656c    0xd8  FltMul.o [4]
  .text                ro code  0x00006644    0x44  FltToS32.o [4]
  .text                ro code  0x00006688    0x24  FltCmpGe.o [4]
  .text                ro code  0x000066ac    0x24  FltCmpLe.o [4]
  .text                ro code  0x000066d0    0xe6  FltSub.o [4]
  .text                ro code  0x000067b8    0xfc  FltDiv.o [4]
  .text                ro code  0x000068b4     0x6  ABImemclr4.o [5]
  .text                ro code  0x000068bc    0x32  ABImemset48.o [5]
  .text                ro code  0x000068f0  0x14f4  main.o [1]
  Veneer               ro code  0x00007de4     0x8  - Linker created -
  .text                ro code  0x00007dec   0x5ac  VCAN_UI_VAR.o [1]
  .text                ro code  0x00008398   0x234  VCAN_OV7725_Eagle.o [1]
  .text                ro code  0x000085cc   0x3ec  VCAN_NRF24L0.o [1]
  .text                ro code  0x000089b8    0xcc  MK60_lptmr.o [1]
  .text                ro code  0x00008a84   0x7d4  motor.o [1]
  .text                ro code  0x00009258   0x43c  AD.o [1]
  .text                ro code  0x00009694    0xca  VCAN_key_event.o [1]
  .text                ro code  0x00009760   0x5e4  VCAN_LCD.o [1]
  .text                ro code  0x00009d44   0x79c  picture.o [1]
  .text                ro code  0x0000a4e0    0x50  misc.o [1]
  .text                ro code  0x0000a530    0x7c  MK60_PIT.o [1]
  .text                ro code  0x0000a5ac   0x2b8  MK60_adc.o [1]
  .text                ro code  0x0000a864   0x362  VCAN_SCCB.o [1]
  .text                ro code  0x0000abc8   0x284  MK60_dma.o [1]
  .text                ro code  0x0000ae4c   0x66c  MK60_spi.o [1]
  .text                ro code  0x0000b4b8    0x66  ABImemset.o [5]
  .data_init                    0x0000b520   0xf38  <Block>
    Initializer bytes  const    0x0000b520   0xf38  <for .data-1>
  .rodata              const    0x0000c458   0x600  VCAN_ASCII.o [1]
  Veneer               ro code  0x0000ca58     0x8  - Linker created -
  .text                ro code  0x0000ca60   0x3c8  MK60_mcg.o [1]
  CodeRelocate                  0x0000ce28   0x1c8  <Block>
    Initializer bytes  const    0x0000ce28   0x1c8  <for CodeRelocateRam-1>
  .text                ro code  0x0000cff0   0x130  system_MK60DZ10.o [1]
  .text                ro code  0x0000d120    0x40  MK60_wdog.o [1]
  .rodata              const    0x0000d160    0x58  VCAN_UI_VAR.o [1]
  .rodata              const    0x0000d1b8    0x44  VCAN_LCD_ST7735S.o [1]
  .rodata              const    0x0000d1fc    0x40  MK60_spi.o [1]
  .rodata              const    0x0000d23c    0x40  MK60_SysTick.o [1]
  .text                ro code  0x0000d27c    0x40  zero_init3.o [5]
  .rodata              const    0x0000d2bc    0x3c  MK60_adc.o [1]
  .rodata              const    0x0000d2f8    0x3c  MK60_conf.o [1]
  .rodata              const    0x0000d334    0x3c  MK60_dma.o [1]
  .rodata              const    0x0000d370    0x3c  MK60_flash.o [1]
  .rodata              const    0x0000d3ac    0x3c  MK60_ftm.o [1]
  .rodata              const    0x0000d3e8    0x3c  MK60_gpio.o [1]
  .rodata              const    0x0000d424    0x3c  MK60_lptmr.o [1]
  .rodata              const    0x0000d460    0x3c  MK60_PIT.o [1]
  .rodata              const    0x0000d49c    0x3c  MK60_spi.o [1]
  .rodata              const    0x0000d4d8    0x3c  MK60_uart.o [1]
  .rodata              const    0x0000d514    0x38  misc.o [1]
  .text                ro code  0x0000d54c    0x28  data_init.o [5]
  .rodata              const    0x0000d574    0x24  MK60_conf.o [1]
  .rodata              const    0x0000d598    0x24  VCAN_OV7725_Eagle.o [1]
  .rodata              const    0x0000d5bc    0x24  VCAN_OV7725_Eagle.o [1]
  .iar.init_table      const    0x0000d5e0    0x10  - Linker created -
  .rodata              const    0x0000d5f0    0x20  MK60_conf.o [1]
  .rodata              const    0x0000d610    0x20  VCAN_OV7725_Eagle.o [1]
  .text                ro code  0x0000d630    0x1a  cmain.o [5]
  .text                ro code  0x0000d64a     0x4  low_level_init.o [3]
  .text                ro code  0x0000d64e     0x4  exit.o [3]
  .text                ro code  0x0000d654     0xa  cexit.o [5]
  .text                ro code  0x0000d660     0xc  XXexit.o [5]
  .rodata              const    0x0000d66c    0x18  VCAN_OV7725_Eagle.o [1]
  .rodata              const    0x0000d684    0x18  VCAN_OV7725_Eagle.o [1]
  .text                ro code  0x0000d69c    0x16  xprout.o [3]
  .text                ro code  0x0000d6b4     0xc  putchar.o [3]
  .rodata              const    0x0000d6c0    0x14  MK60_conf.o [1]
  .rodata              const    0x0000d6d4    0x14  VCAN_OV7725_Eagle.o [1]
  .text                ro code  0x0000d6e8     0xc  cstartup_M.o [5]
  .rodata              const    0x0000d6f4     0x8  VCAN_NRF24L0.o [1]
  .rodata              const    0x0000d6fc     0x4  MK60_spi.o [1]
  .rodata              const    0x0000d700     0x4  VCAN_LCD.o [1]
  .rodata              const    0x0000d704     0x4  VCAN_LCD.o [1]
  .rodata              const    0x0000d708     0x4  VCAN_LCD.o [1]
  .rodata              const    0x0000d70c     0x0  zero_init3.o [5]
  Initializer bytes    const    0x0000d70c    0x88  <for P2 s0>
                              - 0x0000d794  0xd37c

"P2":                                       0x8ed4
  .data                         0x1fff0410   0xf38  <Block>
    .data-1                     0x1fff0410   0xf38  <Init block>
      .data            inited   0x1fff0410    0x1c  AD.o [1]
      .data            inited   0x1fff042c    0x1c  AD.o [1]
      .data            inited   0x1fff0448    0x1c  AD.o [1]
      .data            inited   0x1fff0464     0x4  define.o [1]
      .data            inited   0x1fff0468     0x4  define.o [1]
      .data            inited   0x1fff046c     0x4  define.o [1]
      .data            inited   0x1fff0470     0x4  define.o [1]
      .data            inited   0x1fff0474     0x4  define.o [1]
      .data            inited   0x1fff0478     0x4  define.o [1]
      .data            inited   0x1fff047c     0x4  define.o [1]
      .data            inited   0x1fff0480     0x4  define.o [1]
      .data            inited   0x1fff0484     0x4  define.o [1]
      .data            inited   0x1fff0488     0x4  define.o [1]
      .data            inited   0x1fff048c     0x4  define.o [1]
      .data            inited   0x1fff0490     0x4  define.o [1]
      .data            inited   0x1fff0494     0x4  define.o [1]
      .data            inited   0x1fff0498     0x4  define.o [1]
      .data            inited   0x1fff049c     0x4  define.o [1]
      .data            inited   0x1fff04a0    0x1c  define.o [1]
      .data            inited   0x1fff04bc    0x1c  define.o [1]
      .data            inited   0x1fff04d8    0xc4  fuzzy.o [1]
      .data            inited   0x1fff059c    0xc4  fuzzy.o [1]
      .data            inited   0x1fff0660    0xc4  fuzzy.o [1]
      .data            inited   0x1fff0724    0x20  main.o [1]
      .data            inited   0x1fff0744     0x8  MK60_adc.o [1]
      .data            inited   0x1fff074c   0x708  MK60_conf.o [1]
      .data            inited   0x1fff0e54     0xc  MK60_ftm.o [1]
      .data            inited   0x1fff0e60    0x14  MK60_gpio.o [1]
      .data            inited   0x1fff0e74    0x44  MK60_mcg.o [1]
      .data            inited   0x1fff0eb8     0x4  MK60_mcg.o [1]
      .data            inited   0x1fff0ebc    0x14  MK60_port.o [1]
      .data            inited   0x1fff0ed0     0xc  MK60_spi.o [1]
      .data            inited   0x1fff0edc    0x18  MK60_uart.o [1]
      .data            inited   0x1fff0ef4    0xc8  motor.o [1]
      .data            inited   0x1fff0fbc    0xc8  motor.o [1]
      .data            inited   0x1fff1084    0x40  picture.o [1]
      .data            inited   0x1fff10c4     0x4  steer.o [1]
      .data            inited   0x1fff10c8     0x4  steer.o [1]
      .data            inited   0x1fff10cc     0x8  VCAN_key.o [1]
      .data            inited   0x1fff10d4     0x2  VCAN_LCD_ST7735S.o [1]
      .data            inited   0x1fff10d6     0x2  VCAN_LCD_ST7735S.o [1]
      .data            inited   0x1fff10d8     0x4  VCAN_LED.o [1]
      .data            inited   0x1fff10dc     0x8  VCAN_NRF24L0.o [1]
      .data            inited   0x1fff10e4     0x8  VCAN_NRF24L0.o [1]
      .data            inited   0x1fff10ec     0x1  VCAN_OV7725_Eagle.o [1]
      .data            inited   0x1fff10f0    0x64  VCAN_OV7725_Eagle.o [1]
      .data            inited   0x1fff1154     0x1  VCAN_OV7725_Eagle.o [1]
      .data            inited   0x1fff1158    0x48  VCAN_UI_VAR.o [1]
      .data            inited   0x1fff11a0   0x168  VCAN_UI_VAR.o [1]
      .data            inited   0x1fff1308    0x40  xfiles.o [3]
  CodeRelocateRam               0x1fff1348   0x1c8  <Block>
    CodeRelocateRam-1           0x1fff1348   0x1c8  <Init block>
      Veneer           inited   0x1fff1348     0x8  - Linker created -
      Veneer           inited   0x1fff1350     0x8  - Linker created -
      .textrw          inited   0x1fff1358   0x168  MK60_flash.o [1]
      .textrw          inited   0x1fff14c0    0x50  MK60_mcg.o [1]
  .bss                          0x1fff1510  0x7d4c  <Block>
    .bss               zero     0x1fff1510   0x258  define.o [1]
    .bss               zero     0x1fff1768  0x12c0  define.o [1]
    .bss               zero     0x1fff2a28     0x4  define.o [1]
    .bss               zero     0x1fff2a2c     0x4  define.o [1]
    .bss               zero     0x1fff2a30     0x4  define.o [1]
    .bss               zero     0x1fff2a34     0x4  define.o [1]
    .bss               zero     0x1fff2a38     0x4  define.o [1]
    .bss               zero     0x1fff2a3c     0x4  define.o [1]
    .bss               zero     0x1fff2a40     0x4  define.o [1]
    .bss               zero     0x1fff2a44     0x4  define.o [1]
    .bss               zero     0x1fff2a48     0x4  define.o [1]
    .bss               zero     0x1fff2a4c     0x4  define.o [1]
    .bss               zero     0x1fff2a50     0x4  define.o [1]
    .bss               zero     0x1fff2a54     0x4  define.o [1]
    .bss               zero     0x1fff2a58     0x4  define.o [1]
    .bss               zero     0x1fff2a5c     0x4  define.o [1]
    .bss               zero     0x1fff2a60     0x4  define.o [1]
    .bss               zero     0x1fff2a64     0x4  define.o [1]
    .bss               zero     0x1fff2a68     0x4  define.o [1]
    .bss               zero     0x1fff2a6c     0x4  define.o [1]
    .bss               zero     0x1fff2a70     0x4  define.o [1]
    .bss               zero     0x1fff2a74     0x4  define.o [1]
    .bss               zero     0x1fff2a78     0x4  define.o [1]
    .bss               zero     0x1fff2a7c     0x4  define.o [1]
    .bss               zero     0x1fff2a80     0x4  define.o [1]
    .bss               zero     0x1fff2a84     0x4  define.o [1]
    .bss               zero     0x1fff2a88     0x4  define.o [1]
    .bss               zero     0x1fff2a8c     0x4  define.o [1]
    .bss               zero     0x1fff2a90     0x4  define.o [1]
    .bss               zero     0x1fff2a94     0x4  define.o [1]
    .bss               zero     0x1fff2a98     0x4  define.o [1]
    .bss               zero     0x1fff2a9c     0x4  define.o [1]
    .bss               zero     0x1fff2aa0     0x4  define.o [1]
    .bss               zero     0x1fff2aa4     0x4  define.o [1]
    .bss               zero     0x1fff2aa8     0x4  define.o [1]
    .bss               zero     0x1fff2aac   0x148  define.o [1]
    .bss               zero     0x1fff2bf4   0x148  define.o [1]
    .bss               zero     0x1fff2d3c    0x20  define.o [1]
    .bss               zero     0x1fff2d5c     0x4  define.o [1]
    .bss               zero     0x1fff2d60     0x4  define.o [1]
    .bss               zero     0x1fff2d64     0x4  define.o [1]
    .bss               zero     0x1fff2d68     0x4  define.o [1]
    .bss               zero     0x1fff2d6c     0x4  define.o [1]
    .bss               zero     0x1fff2d70     0x4  define.o [1]
    .bss               zero     0x1fff2d74     0x4  define.o [1]
    .bss               zero     0x1fff2d78     0x4  define.o [1]
    .bss               zero     0x1fff2d7c     0x4  define.o [1]
    .bss               zero     0x1fff2d80     0x4  define.o [1]
    .bss               zero     0x1fff2d84     0x4  define.o [1]
    .bss               zero     0x1fff2d88     0x4  define.o [1]
    .bss               zero     0x1fff2d8c     0x4  define.o [1]
    .bss               zero     0x1fff2d90     0x4  define.o [1]
    .bss               zero     0x1fff2d94    0x18  define.o [1]
    .bss               zero     0x1fff2dac     0x4  define.o [1]
    .bss               zero     0x1fff2db0     0x4  define.o [1]
    .bss               zero     0x1fff2db4     0x4  define.o [1]
    .bss               zero     0x1fff2db8     0x4  define.o [1]
    .bss               zero     0x1fff2dbc     0x4  define.o [1]
    .bss               zero     0x1fff2dc0     0x4  define.o [1]
    .bss               zero     0x1fff2dc4     0x4  define.o [1]
    .bss               zero     0x1fff2dc8     0x4  define.o [1]
    .bss               zero     0x1fff2dcc     0x4  define.o [1]
    .bss               zero     0x1fff2dd0     0x4  define.o [1]
    .bss               zero     0x1fff2dd4     0x4  define.o [1]
    .bss               zero     0x1fff2dd8     0x4  define.o [1]
    .bss               zero     0x1fff2ddc     0x4  define.o [1]
    .bss               zero     0x1fff2de0     0x4  define.o [1]
    .bss               zero     0x1fff2de4     0x4  define.o [1]
    .bss               zero     0x1fff2de8     0x4  define.o [1]
    .bss               zero     0x1fff2dec     0x4  define.o [1]
    .bss               zero     0x1fff2df0     0x4  define.o [1]
    .bss               zero     0x1fff2df4     0x4  define.o [1]
    .bss               zero     0x1fff2df8     0x4  define.o [1]
    .bss               zero     0x1fff2dfc     0x4  main.o [1]
    .bss               zero     0x1fff2e00     0x4  main.o [1]
    .bss               zero     0x1fff2e04     0x4  main.o [1]
    .bss               zero     0x1fff2e08     0x4  main.o [1]
    .bss               zero     0x1fff2e0c     0x4  main.o [1]
    .bss               zero     0x1fff2e10    0x20  main.o [1]
    .bss               zero     0x1fff2e30     0x4  main.o [1]
    .bss               zero     0x1fff2e34     0x4  main.o [1]
    .bss               zero     0x1fff2e38     0x4  main.o [1]
    .bss               zero     0x1fff2e3c     0x4  main.o [1]
    .bss               zero     0x1fff2e40    0x2c  motor.o [1]
    .bss               zero     0x1fff2e6c    0x2c  motor.o [1]
    .bss               zero     0x1fff2e98     0x4  motor.o [1]
    .bss               zero     0x1fff2e9c     0x4  motor.o [1]
    .bss               zero     0x1fff2ea0   0xc80  picture.o [1]
    .bss               zero     0x1fff3b20     0x4  picture.o [1]
    .bss               zero     0x1fff3b24     0x4  picture.o [1]
    .bss               zero     0x1fff3b28   0x140  picture.o [1]
    .bss               zero     0x1fff3c68     0x4  picture.o [1]
    .bss               zero     0x1fff3c6c     0x4  picture.o [1]
    .bss               zero     0x1fff3c70     0x4  picture.o [1]
    .bss               zero     0x1fff3c74  0x4b00  picture.o [1]
    .bss               zero     0x1fff8774     0x4  picture.o [1]
    .bss               zero     0x1fff8778     0x4  steer.o [1]
    .bss               zero     0x1fff877c     0x4  steer.o [1]
    .bss               zero     0x1fff8780     0x4  steer.o [1]
    .bss               zero     0x1fff8784     0x4  steer.o [1]
    .bss               zero     0x1fff8788     0x4  steer.o [1]
    .bss               zero     0x1fff878c     0x4  steer.o [1]
    .bss               zero     0x1fff8790    0x10  steer.o [1]
    .bss               zero     0x1fff87a0     0x4  steer.o [1]
    .bss               zero     0x1fff87a4     0x4  system_MK60DZ10.o [1]
    .bss               zero     0x1fff87a8     0x4  system_MK60DZ10.o [1]
    .bss               zero     0x1fff87ac     0x4  system_MK60DZ10.o [1]
    .bss               zero     0x1fff87b0    0x28  VCAN_key.o [1]
    .bss               zero     0x1fff87d8     0x8  VCAN_key.o [1]
    .bss               zero     0x1fff87e0   0xa00  VCAN_NRF24L0.o [1]
    .bss               zero     0x1fff91e0     0x4  VCAN_NRF24L0.o [1]
    .bss               zero     0x1fff91e4     0x4  VCAN_NRF24L0.o [1]
    .bss               zero     0x1fff91e8     0x4  VCAN_OV7725_Eagle.o [1]
    .bss               zero     0x1fff91ec    0x50  xfiles.o [3]
    .bss               zero     0x1fff923c     0x2  define.o [1]
    .bss               zero     0x1fff923e     0x2  define.o [1]
    .bss               zero     0x1fff9240     0x2  define.o [1]
    .bss               zero     0x1fff9242     0x2  define.o [1]
    .bss               zero     0x1fff9244     0x2  define.o [1]
    .bss               zero     0x1fff9246     0x2  define.o [1]
    .bss               zero     0x1fff9248     0x2  define.o [1]
    .bss               zero     0x1fff924a     0x2  define.o [1]
    .bss               zero     0x1fff924c     0x2  main.o [1]
    .bss               zero     0x1fff924e     0x1  define.o [1]
    .bss               zero     0x1fff924f     0x1  main.o [1]
    .bss               zero     0x1fff9250     0x1  VCAN_key.o [1]
    .bss               zero     0x1fff9251     0x1  VCAN_key.o [1]
    .bss               zero     0x1fff9252     0x1  VCAN_key.o [1]
    .bss               zero     0x1fff9253     0x1  VCAN_LCD_ST7735S.o [1]
    .bss               zero     0x1fff9254     0x1  VCAN_NRF24L0.o [1]
    .bss               zero     0x1fff9255     0x1  VCAN_NRF24L0.o [1]
    .bss               zero     0x1fff9256     0x1  VCAN_NRF24L0.o [1]
    .bss               zero     0x1fff9257     0x1  VCAN_NRF24L0.o [1]
    .bss               zero     0x1fff9258     0x1  VCAN_NRF24L0.o [1]
    .bss               zero     0x1fff9259     0x1  VCAN_UI_VAR.o [1]
  P2 s0                         0x1fff925c    0x88  <Init block>
    __DLIB_PERTHREAD   inited   0x1fff925c    0x88  localeconv.o [3]
                              - 0x1fff92e4  0x8ed4


*******************************************************************************
*** INIT TABLE
***

          Address     Size
          -------     ----
Zero (__iar_zero_init3)
    1 destination range, total size 0x7d4a:
          0x1fff1510  0x7d4a



*******************************************************************************
*** MODULE SUMMARY
***

    Module                 ro code  rw code  ro data  rw data
    ------                 -------  -------  -------  -------
C:\Users\SKY\Desktop\My Document\程序\2018智能车国赛—电磁矮车\Prj\IAR\DZ10_Debug\Obj: [1]
    AD.o                     1 084                84       84
    MK60_PIT.o                 124                60
    MK60_SysTick.o             100                64
    MK60_adc.o                 696                68        8
    MK60_conf.o                320             1 948    1 800
    MK60_dma.o                 644                60
    MK60_flash.o                        360      420
    MK60_ftm.o               1 276                72       12
    MK60_gpio.o                420                80       20
    MK60_lptmr.o               204                60
    MK60_mcg.o                 968       80      152       72
    MK60_port.o                176                20       20
    MK60_spi.o               1 644               140       12
    MK60_uart.o                680                84       24
    MK60_wdog.o                 64
    VCAN_ASCII.o                               1 536
    VCAN_LCD.o               1 508                12
    VCAN_LCD_ST7735S.o       7 212                72        5
    VCAN_LED.o                 112                 4        4
    VCAN_NRF24L0.o           1 004                24    2 589
    VCAN_OV7725_Eagle.o        564               277      106
    VCAN_SCCB.o                866
    VCAN_UI_VAR.o            1 452               523      433
    VCAN_key.o                 544                 8       59
    VCAN_key_event.o           202
    define.o                                     116    6 513
    fuzzy.o                  2 468               588      588
    main.o                   5 364                32      103
    misc.o                      80                56
    motor.o                  2 004               400      496
    picture.o                1 948                66   22 808
    startup_MK60DZ10.o           8
    steer.o                  5 600                 8       52
    system_MK60DZ10.o          304                         12
    vectors.o                                  1 040
    ---------------------------------------------------------
    Total:                  39 640      440    8 074   35 820

command line: [2]
    ---------------------------------------------------------
    Total:

dl7M_tlf.a: [3]
    abs.o                        8
    div.o                       14
    exit.o                       4
    localeconv.o               108               136      136
    low_level_init.o             4
    printf.o                    36
    putchar.o                   12
    xfiles.o                                      64      144
    xprintflarge_nomb.o      3 062
    xprout.o                    22
    xtls.o                       2
    ---------------------------------------------------------
    Total:                   3 272               200      280

m7M_tl.a: [4]
    DblAdd.o                   212
    DblCmpLe.o                  46
    DblDiv.o                   598
    DblMul.o                   418
    DblSub.o                   384
    DblToFlt.o                 144
    DblToI32.o                  44
    FltAdd.o                   132
    FltCmpGe.o                  36
    FltCmpLe.o                  36
    FltDiv.o                   252
    FltMul.o                   216
    FltSub.o                   230
    FltToDbl.o                  78
    FltToS32.o                  68
    I32ToDbl.o                  48
    I32ToFlt.o                  46
    xdnorm.o                    66
    ---------------------------------------------------------
    Total:                   3 054

rt7M_tl.a: [5]
    ABImemclr4.o                 6
    ABImemcpy_unaligned.o      118
    ABImemset.o                102
    ABImemset48.o               50
    I64DivMod.o                238
    I64DivZer.o                  2
    XXexit.o                    12
    cexit.o                     10
    cmain.o                     26
    cstartup_M.o                12
    data_init.o                 40
    memchr.o                    88
    strchr.o                    22
    strlen.o                    54
    zero_init3.o                64
    ---------------------------------------------------------
    Total:                     844

    Gaps                        38                          6
    Linker created              32       16       32
-------------------------------------------------------------
    Grand Total:            46 880      456    8 306   36 106


*******************************************************************************
*** ENTRY LIST
***

Entry                      Address    Size  Type      Object
-----                      -------    ----  ----      ------
.bss$$Base              0x1fff1510           --   Gb  - Linker created -
.bss$$Limit             0x1fff925c           --   Gb  - Linker created -
.data$$Base             0x1fff0410           --   Gb  - Linker created -
.data$$Limit            0x1fff1348           --   Gb  - Linker created -
.data_init$$Base        0x0000b520           --   Gb  - Linker created -
.data_init$$Limit       0x0000c458           --   Gb  - Linker created -
.iar.init_table$$Base   0x0000d5e0           --   Gb  - Linker created -
.iar.init_table$$Limit  0x0000d5f0           --   Gb  - Linker created -
?main                   0x0000d631          Code  Gb  cmain.o [5]
ADCDEAL                 0x00009259   0x3e0  Code  Gb  AD.o [1]
ADCN                    0x1fff0744     0x8  Data  Gb  MK60_adc.o [1]
ADVL0                   0x1fff2d5c     0x4  Data  Gb  define.o [1]
ADVL1                   0x1fff2d60     0x4  Data  Gb  define.o [1]
ADVL2                   0x1fff2d64     0x4  Data  Gb  define.o [1]
ADVM                    0x1fff2d74     0x4  Data  Gb  define.o [1]
ADVM1                   0x1fff8790    0x10  Data  Gb  steer.o [1]
ADVR0                   0x1fff2d68     0x4  Data  Gb  define.o [1]
ADVR1                   0x1fff2d6c     0x4  Data  Gb  define.o [1]
ADVR2                   0x1fff2d70     0x4  Data  Gb  define.o [1]
AD_value                0x1fff2e10    0x20  Data  Gb  main.o [1]
ASSERT_FAILED_STR       0x0000d574    0x24  Data  Gb  MK60_conf.o [1]
CodeRelocate$$Base      0x0000ce28           --   Gb  - Linker created -
CodeRelocate$$Limit     0x0000cff0           --   Gb  - Linker created -
CodeRelocateRam$$Base   0x1fff1348           --   Gb  - Linker created -
CodeRelocateRam$$Limit  0x1fff1510           --   Gb  - Linker created -
DMA0_IRQHandler         0x00006b85     0x8  Code  Gb  main.o [1]
FTMN                    0x1fff0e54     0xc  Data  Gb  MK60_ftm.o [1]
FTM_port_mux            0x00005531   0x118  Code  Lc  MK60_ftm.o [1]
FTraL                   0x00005abf    0x5a  Code  Gb  fuzzy.o [1]
FTraR                   0x00005b19    0x5c  Code  Gb  fuzzy.o [1]
FTri                    0x00005a35    0x8a  Code  Gb  fuzzy.o [1]
FUZZD_GET               0x00005e4f   0x2c0  Code  Gb  fuzzy.o [1]
FUZZP_GET               0x00005b81   0x2ce  Code  Gb  fuzzy.o [1]
FUZZ_SPEED_GET          0x0000610f   0x2aa  Code  Gb  fuzzy.o [1]
GPIOX                   0x1fff0e60    0x14  Data  Gb  MK60_gpio.o [1]
H                       0x1fff0724    0x20  Data  Gb  main.o [1]
HD_OK                   0x1fff2a88     0x4  Data  Gb  define.o [1]
HD_flag                 0x1fff2a8c     0x4  Data  Gb  define.o [1]
KEY_PTxn                0x1fff10cc     0x8  Data  Gb  VCAN_key.o [1]
L                       0x1fff0448    0x1c  Data  Gb  AD.o [1]
LCD_Img_Binary_Z        0x00009bb7   0x168  Code  Gb  VCAN_LCD.o [1]
LCD_ST7735S_dir         0x000013d7   0xa0c  Code  Gb  VCAN_LCD_ST7735S.o [1]
LCD_ST7735S_init        0x00000419   0xfbe  Code  Gb  VCAN_LCD_ST7735S.o [1]
LCD_ST7735S_ptlon       0x00001df9   0x21c  Code  Gb  VCAN_LCD_ST7735S.o [1]
LCD_char                0x0000991b   0x19e  Code  Gb  VCAN_LCD.o [1]
LCD_init                0x00009761    0x2c  Code  Gb  VCAN_LCD.o [1]
LCD_num_BC              0x00009ab9    0xfe  Code  Gb  VCAN_LCD.o [1]
LCD_point               0x0000985d    0xbe  Code  Gb  VCAN_LCD.o [1]
LCD_points              0x0000a3e7    0x26  Code  Gb  picture.o [1]
LCD_rectangle           0x0000978d    0xd0  Code  Gb  VCAN_LCD.o [1]
LED_PTxn                0x1fff10d8     0x4  Data  Gb  VCAN_LED.o [1]
Left_sp                 0x1fff2e40    0x2c  Data  Gb  motor.o [1]
LoadInt                 0x00002f29    0x6e  Code  Lc  xprintflarge_nomb.o [3]
Max_cha                 0x1fff3b20     0x4  Data  Gb  picture.o [1]
NRF_ISR_RX_FIFO         0x1fff87e0   0xa00  Data  Gb  VCAN_NRF24L0.o [1]
NVIC_DisableIRQ         0x000083ad    0x14  Code  Lc  VCAN_OV7725_Eagle.o [1]
NVIC_EnableIRQ          0x00006915    0x16  Code  Lc  main.o [1]
NVIC_EnableIRQ          0x000024e1    0x16  Code  Lc  MK60_uart.o [1]
NVIC_EnableIRQ          0x00008399    0x14  Code  Lc  VCAN_OV7725_Eagle.o [1]
NVIC_SetPriority        0x0000692b    0x2a  Code  Lc  main.o [1]
NVIC_SetPriorityGrouping
                        0x000068f1    0x24  Code  Lc  main.o [1]
NVIC_SystemReset        0x0000230d    0x1a  Code  Lc  MK60_conf.o [1]
PIT0_IRQHandler         0x00006b8d   0x6d4  Code  Gb  main.o [1]
PIT2_IRQHandler         0x00007269   0x1d4  Code  Gb  main.o [1]
PORTA_IRQHandler        0x00006b39    0x26  Code  Gb  main.o [1]
PORTE_IRQHandler        0x00006b5f    0x26  Code  Gb  main.o [1]
PORTX                   0x1fff0ebc    0x14  Data  Gb  MK60_port.o [1]
RX_ADDRESS              0x1fff10e4     0x8  Data  Gb  VCAN_NRF24L0.o [1]
Region$$Table$$Base     0x0000d5e0           --   Gb  - Linker created -
Region$$Table$$Limit    0x0000d5f0           --   Gb  - Linker created -
Reset_Handler           0x00000411          Code  Gb  startup_MK60DZ10.o [1]
Right_sp                0x1fff2e6c    0x2c  Data  Gb  motor.o [1]
SCCB_Ack                0x0000a939    0x3c  Code  Lc  VCAN_SCCB.o [1]
SCCB_GPIO_init          0x0000a87f    0x28  Code  Gb  VCAN_SCCB.o [1]
SCCB_NoAck              0x0000a975    0x3c  Code  Lc  VCAN_SCCB.o [1]
SCCB_ReadByte           0x0000ab15    0x2c  Code  Gb  VCAN_SCCB.o [1]
SCCB_ReadByte_one       0x0000ab41    0x86  Code  Lc  VCAN_SCCB.o [1]
SCCB_ReceiveByte        0x0000aa41    0x54  Code  Lc  VCAN_SCCB.o [1]
SCCB_SendByte           0x0000a9fd    0x44  Code  Lc  VCAN_SCCB.o [1]
SCCB_Start              0x0000a8a7    0x5e  Code  Lc  VCAN_SCCB.o [1]
SCCB_Stop               0x0000a905    0x34  Code  Lc  VCAN_SCCB.o [1]
SCCB_WaitAck            0x0000a9b1    0x4c  Code  Lc  VCAN_SCCB.o [1]
SCCB_WriteByte          0x0000aaa5    0x28  Code  Gb  VCAN_SCCB.o [1]
SCCB_WriteByte_one      0x0000aacd    0x48  Code  Lc  VCAN_SCCB.o [1]
SCCB_delay              0x0000a865    0x1a  Code  Lc  VCAN_SCCB.o [1]
SPIN                    0x1fff0ed0     0xc  Data  Gb  MK60_spi.o [1]
ST7735S_get_h           0x00002015     0x6  Code  Gb  VCAN_LCD_ST7735S.o [1]
ST7735S_get_w           0x0000201b     0x6  Code  Gb  VCAN_LCD_ST7735S.o [1]
S_meet_distance         0x1fff2e3c     0x4  Data  Gb  main.o [1]
TX_ADDRESS              0x1fff10dc     0x8  Data  Gb  VCAN_NRF24L0.o [1]
UART4_RX_TX_IRQHandler  0x00006955    0x72  Code  Gb  main.o [1]
UARTN                   0x1fff0edc    0x18  Data  Gb  MK60_uart.o [1]
_GenldLargeNoMb         0x0000331d   0x238  Code  Lc  xprintflarge_nomb.o [3]
_LdtobLargeNoMb         0x0000309d   0x27a  Code  Lc  xprintflarge_nomb.o [3]
_LitobLargeNoMb         0x00002f97   0x106  Code  Lc  xprintflarge_nomb.o [3]
_Locale_aeabi_lconv     0x1fff92ac    0x38  Data  Gb  localeconv.o [3]
_Locale_lconv           0x1fff925c    0x50  Data  Gb  localeconv.o [3]
_PrintfLargeNoMb        0x000029a9   0x57a  Code  Gb  xprintflarge_nomb.o [3]
_Prout                  0x0000d69d    0x16  Code  Gb  xprout.o [3]
_PutcharsLargeNoMb      0x00003555    0x2e  Code  Lc  xprintflarge_nomb.o [3]
__BOOT_STACK_ADDRESS {Abs}
                        0x2000fff8           --   Gb  command line/config [2]
__VECTOR_RAM {Abs}      0x1fff0000           --   Gb  command line/config [2]
__VECTOR_TABLE {Abs}    0x00000000           --   Gb  command line/config [2]
__aeabi_cdcmple         0x000037f1          Code  Gb  DblCmpLe.o [4]
__aeabi_cfcmple         0x000066ad          Code  Gb  FltCmpLe.o [4]
__aeabi_cfrcmple        0x00006689          Code  Gb  FltCmpGe.o [4]
__aeabi_d2f             0x000064ad          Code  Gb  DblToFlt.o [4]
__aeabi_d2uiz           0x00003c1d          Code  Gb  DblToI32.o [4]
__aeabi_ddiv            0x000039c5          Code  Gb  DblDiv.o [4]
__aeabi_dmul            0x00003821          Code  Gb  DblMul.o [4]
__aeabi_dsub            0x00003c79          Code  Gb  DblSub.o [4]
__aeabi_f2d             0x0000645d          Code  Gb  FltToDbl.o [4]
__aeabi_f2iz            0x00006645          Code  Gb  FltToS32.o [4]
__aeabi_fadd            0x000063d9          Code  Gb  FltAdd.o [4]
__aeabi_fdiv            0x000067b9          Code  Gb  FltDiv.o [4]
__aeabi_fmul            0x0000656d          Code  Gb  FltMul.o [4]
__aeabi_fsub            0x000066d1          Code  Gb  FltSub.o [4]
__aeabi_i2d             0x00003c49          Code  Gb  I32ToDbl.o [4]
__aeabi_i2f             0x0000653d          Code  Gb  I32ToFlt.o [4]
__aeabi_ldiv0           0x00003e75          Code  Gb  I64DivZer.o [5]
__aeabi_memclr4         0x000068b5          Code  Gb  ABImemclr4.o [5]
__aeabi_memset          0x0000b4b9          Code  Gb  ABImemset.o [5]
__aeabi_ui2d            0x00003c5d          Code  Gb  I32ToDbl.o [4]
__aeabi_uldivmod        0x00003649          Code  Gb  I64DivMod.o [5]
__cmain                 0x0000d631          Code  Gb  cmain.o [5]
__code_start__ {Abs}    0x00000410           --   Gb  command line/config [2]
__exit                  0x0000d661          Code  Gb  XXexit.o [5]
__iar_Dnorm             0x000037af    0x42  Code  Gb  xdnorm.o [4]
__iar_Locale_lconv_init
                        0x00003df9    0x3a  Code  Gb  localeconv.o [3]
__iar_Memchr            0x000035f1          Code  Gb  memchr.o [5]
__iar_Memset            0x0000b4b9          Code  Gb  ABImemset.o [5]
__iar_Memset4_word      0x000068bd          Code  Gb  ABImemset48.o [5]
__iar_Memset8_word      0x000068bd          Code  Gb  ABImemset48.o [5]
__iar_Memset_word       0x0000b4c1          Code  Gb  ABImemset.o [5]
__iar_Stdout            0x1fff1308    0x40  Data  Gb  xfiles.o [3]
__iar_Strchr            0x000035a1          Code  Gb  strchr.o [5]
__iar_d2uiz             0x00003c29          Code  Gb  DblToI32.o [4]
__iar_dadd              0x00003e79          Code  Gb  DblAdd.o [4]
__iar_data_init3        0x0000d54d    0x28  Code  Gb  data_init.o [5]
__iar_dlib_perthread_access
                        0x00003f4d     0x2  Code  Gb  xtls.o [3]
__iar_dsub              0x00003c8d          Code  Gb  DblSub.o [4]
__iar_dsubStart         0x00003c9f          Code  Gb  DblSub.o [4]
__iar_fadd              0x000063e9          Code  Gb  FltAdd.o [4]
__iar_fsub              0x000066e1          Code  Gb  FltSub.o [4]
__iar_fsubStart         0x000066f1          Code  Gb  FltSub.o [4]
__iar_program_start     0x0000d6e9          Code  Gb  cstartup_M.o [5]
__iar_ui2d              0x00003c61          Code  Gb  I32ToDbl.o [4]
__iar_ui2f              0x00006551          Code  Gb  I32ToFlt.o [4]
__iar_unaligned___aeabi_memcpy
                        0x00003739          Code  Gb  ABImemcpy_unaligned.o [5]
__iar_unaligned___aeabi_memcpy4
                        0x00003759          Code  Gb  ABImemcpy_unaligned.o [5]
__iar_unaligned___aeabi_memcpy8
                        0x00003759          Code  Gb  ABImemcpy_unaligned.o [5]
__iar_zero_init3        0x0000d27d    0x40  Code  Gb  zero_init3.o [5]
__low_level_init        0x0000d64b     0x4  Code  Gb  low_level_init.o [3]
__vector_table          0x00000000   0x410  Data  Gb  vectors.o [1]
_call_main              0x0000d63d          Code  Gb  cmain.o [5]
_exit                   0x0000d655          Code  Gb  cexit.o [5]
_main                   0x0000d647          Code  Gb  cmain.o [5]
abs                     0x00005a2d     0x8  Code  Gb  abs.o [3]
ad_to_one               0x00007499   0x17c  Code  Gb  main.o [1]
ad_valueL0              0x1fff923e     0x2  Data  Gb  define.o [1]
ad_valueL1              0x1fff9240     0x2  Data  Gb  define.o [1]
ad_valueL2              0x1fff9242     0x2  Data  Gb  define.o [1]
ad_valueM               0x1fff924a     0x2  Data  Gb  define.o [1]
ad_valueR0              0x1fff9244     0x2  Data  Gb  define.o [1]
ad_valueR1              0x1fff9246     0x2  Data  Gb  define.o [1]
ad_valueR2              0x1fff9248     0x2  Data  Gb  define.o [1]
adc_init                0x0000a5ad   0x20e  Code  Gb  MK60_adc.o [1]
adc_once                0x0000a7bb    0x50  Code  Gb  MK60_adc.o [1]
adc_start               0x0000a80b    0x44  Code  Lc  MK60_adc.o [1]
angle_line              0x1fff2bf4   0x148  Data  Gb  define.o [1]
angle_line1             0x1fff2aac   0x148  Data  Gb  define.o [1]
ascii_8x16              0x0000c458   0x600  Data  Gb  VCAN_ASCII.o [1]
assert_failed           0x00002327    0x26  Code  Gb  MK60_conf.o [1]
back_double_circle      0x1fff877c     0x4  Data  Gb  steer.o [1]
board_find              0x00009dd3   0x172  Code  Gb  picture.o [1]
board_num               0x1fff3c70     0x4  Data  Gb  picture.o [1]
bord                    0x1fff3b28   0x140  Data  Gb  picture.o [1]
buchang_left            0x1fff10c4     0x4  Data  Gb  steer.o [1]
buchang_right           0x1fff10c8     0x4  Data  Gb  steer.o [1]
buff                    0x1fff2d3c    0x20  Data  Gb  define.o [1]
bus_clk_khz             0x1fff87ac     0x4  Data  Gb  system_MK60DZ10.o [1]
car_stop                0x1fff924c     0x2  Data  Gb  main.o [1]
circle_flag             0x1fff8774     0x4  Data  Gb  picture.o [1]
common_startup          0x0000d04f    0x98  Code  Gb  system_MK60DZ10.o [1]
compensition_error      0x1fff2d90     0x4  Data  Gb  define.o [1]
const1                  0x1fff0474     0x4  Data  Gb  define.o [1]
const10                 0x1fff0498     0x4  Data  Gb  define.o [1]
const11                 0x1fff049c     0x4  Data  Gb  define.o [1]
const2                  0x1fff0478     0x4  Data  Gb  define.o [1]
const3                  0x1fff047c     0x4  Data  Gb  define.o [1]
const4                  0x1fff0480     0x4  Data  Gb  define.o [1]
const5                  0x1fff0484     0x4  Data  Gb  define.o [1]
const6                  0x1fff0488     0x4  Data  Gb  define.o [1]
const7                  0x1fff048c     0x4  Data  Gb  define.o [1]
const8                  0x1fff0490     0x4  Data  Gb  define.o [1]
const9                  0x1fff0494     0x4  Data  Gb  define.o [1]
core_clk_khz            0x1fff87a4     0x4  Data  Gb  system_MK60DZ10.o [1]
core_clk_mhz            0x1fff87a8     0x4  Data  Gb  system_MK60DZ10.o [1]
count                   0x1fff3c6c     0x4  Data  Gb  picture.o [1]
cs_find                 0x00008ac1    0xae  Code  Gb  motor.o [1]
dajiao_left             0x1fff2a34     0x4  Data  Gb  define.o [1]
dajiao_right            0x1fff2a38     0x4  Data  Gb  define.o [1]
dat                     0x1fff2e30     0x4  Data  Gb  main.o [1]
deal_key_event          0x000096af    0xb0  Code  Gb  VCAN_key_event.o [1]
default_isr             0x000023fb    0x30  Code  Gb  MK60_conf.o [1]
dir                     0x1fff1084    0x40  Data  Gb  picture.o [1]
distance1               0x1fff923c     0x2  Data  Gb  define.o [1]
div                     0x00003e65     0xe  Code  Gb  div.o [3]
dma_gpio_input_init     0x0000abc9    0x5c  Code  Lc  MK60_dma.o [1]
dma_portx2buff_init     0x0000ac25   0x1f4  Code  Gb  MK60_dma.o [1]
exit                    0x0000d64f     0x4  Code  Gb  exit.o [3]
fand                    0x00005b75     0xc  Code  Gb  fuzzy.o [1]
find_stop               0x1fff3c68     0x4  Data  Gb  picture.o [1]
flash_cmd               0x1fff1359    0x20  Code  Gb  MK60_flash.o [1]
flash_erase_sector      0x1fff13a9    0x58  Code  Gb  MK60_flash.o [1]
flash_init              0x1fff1379    0x30  Code  Gb  MK60_flash.o [1]
flash_load              0x000069c7   0x172  Code  Gb  main.o [1]
flash_write             0x1fff1401    0x8e  Code  Gb  MK60_flash.o [1]
fputc                   0x0000234d    0x14  Code  Gb  MK60_conf.o [1]
ftm_pwm_duty            0x000057c9    0xee  Code  Gb  MK60_ftm.o [1]
ftm_pwm_init            0x00005649   0x180  Code  Gb  MK60_ftm.o [1]
ftm_quad_clean          0x000059e9    0x28  Code  Gb  MK60_ftm.o [1]
ftm_quad_get            0x000059bd    0x2c  Code  Gb  MK60_ftm.o [1]
ftm_quad_init           0x000058b7   0x106  Code  Gb  MK60_ftm.o [1]
fuzzy_error             0x1fff2d94    0x18  Data  Gb  define.o [1]
get_key_msg             0x00002881    0x62  Code  Gb  VCAN_key.o [1]
get_var                 0x00007e7f    0x10  Code  Gb  VCAN_UI_VAR.o [1]
gpio_get                0x000021a1    0x3e  Code  Gb  MK60_gpio.o [1]
gpio_init               0x00002045    0xae  Code  Gb  MK60_gpio.o [1]
gpio_set                0x000020f3    0x74  Code  Gb  MK60_gpio.o [1]
gpio_turn               0x00002167    0x3a  Code  Gb  MK60_gpio.o [1]
img                     0x1fff1768  0x12c0  Data  Gb  define.o [1]
img_extract             0x00009d45    0x8e  Code  Gb  picture.o [1]
img_searched            0x1fff3c74  0x4b00  Data  Gb  picture.o [1]
imgbuff                 0x1fff1510   0x258  Data  Gb  define.o [1]
imgsize                 0x1fff046c     0x4  Data  Gb  define.o [1]
is_round_pluse          0x1fff2a6c     0x4  Data  Gb  define.o [1]
isr_flag                0x1fff2a98     0x4  Data  Gb  define.o [1]
kd                      0x1fff059c    0xc4  Data  Gb  fuzzy.o [1]
key_IRQHandler          0x000028e3    0xae  Code  Gb  VCAN_key.o [1]
key_check               0x000027f5    0x2a  Code  Gb  VCAN_key.o [1]
key_deal_flag1          0x1fff2dfc     0x4  Data  Gb  main.o [1]
key_deal_flag2          0x1fff2e00     0x4  Data  Gb  main.o [1]
key_deal_flag3          0x1fff2e04     0x4  Data  Gb  main.o [1]
key_deal_flag4          0x1fff2e08     0x4  Data  Gb  main.o [1]
key_event_init          0x00009695    0x1a  Code  Gb  VCAN_key_event.o [1]
key_get                 0x000027db    0x1a  Code  Gb  VCAN_key.o [1]
key_init                0x00002789    0x52  Code  Gb  VCAN_key.o [1]
key_msg                 0x1fff87b0    0x28  Data  Gb  VCAN_key.o [1]
key_msg_flag            0x1fff9252     0x1  Data  Gb  VCAN_key.o [1]
key_msg_front           0x1fff9250     0x1  Data  Gb  VCAN_key.o [1]
key_msg_rear            0x1fff9251     0x1  Data  Gb  VCAN_key.o [1]
kp                      0x1fff04d8    0xc4  Data  Gb  fuzzy.o [1]
last_normal_error       0x1fff2d84     0x4  Data  Gb  define.o [1]
last_steer_error        0x1fff2d88     0x4  Data  Gb  define.o [1]
led_init                0x0000244d    0x3a  Code  Gb  VCAN_LED.o [1]
led_turn                0x00002487    0x32  Code  Gb  VCAN_LED.o [1]
left_cs                 0x1fff0ef4    0xc8  Data  Gb  motor.o [1]
left_max_to_min         0x1fff2a3c     0x4  Data  Gb  define.o [1]
left_min                0x1fff8780     0x4  Data  Gb  steer.o [1]
left_min_to_max         0x1fff2a40     0x4  Data  Gb  define.o [1]
line_Display            0x0000a40d    0x60  Code  Gb  picture.o [1]
localeconv              0x00003e33    0x16  Code  Gb  localeconv.o [3]
lptmr_direction         0x1fff924e     0x1  Data  Gb  define.o [1]
lptmr_pulse_clean       0x00008a51    0x1a  Code  Gb  MK60_lptmr.o [1]
lptmr_pulse_get         0x00008a37    0x1a  Code  Gb  MK60_lptmr.o [1]
lptmr_pulse_init        0x000089b9    0x7e  Code  Gb  MK60_lptmr.o [1]
main                    0x00007a5d   0x290  Code  Gb  main.o [1]
map_pluse               0x1fff2a94     0x4  Data  Gb  define.o [1]
max_100mA               0x1fff0410    0x1c  Data  Gb  AD.o [1]
max_lie                 0x1fff3b24     0x4  Data  Gb  picture.o [1]
max_min_changed         0x1fff2e0c     0x4  Data  Gb  main.o [1]
max_v                   0x1fff04a0    0x1c  Data  Gb  define.o [1]
mcg_cfg                 0x1fff0e74    0x44  Data  Gb  MK60_mcg.o [1]
mcg_div                 0x1fff0eb8     0x4  Data  Gb  MK60_mcg.o [1]
mcg_div_count           0x0000ca61   0x2fa  Code  Gb  MK60_mcg.o [1]
meet_area_find          0x00009f45   0x40c  Code  Gb  picture.o [1]
meet_distance           0x1fff2e38     0x4  Data  Gb  main.o [1]
meet_flag               0x1fff2a9c     0x4  Data  Gb  define.o [1]
meet_pluse              0x1fff2aa0     0x4  Data  Gb  define.o [1]
meet_run                0x1fff2e98     0x4  Data  Gb  motor.o [1]
meet_solve              0x0000a351    0x96  Code  Gb  picture.o [1]
meet_start              0x1fff0464     0x4  Data  Gb  define.o [1]
memchr                  0x000035f1          Code  Gb  memchr.o [5]
min_100mA               0x1fff042c    0x1c  Data  Gb  AD.o [1]
min_v                   0x1fff04bc    0x1c  Data  Gb  define.o [1]
motor_init              0x00008a85    0x3c  Code  Gb  motor.o [1]
motor_out               0x0000911f    0x90  Code  Gb  motor.o [1]
motor_pid               0x00008ec3   0x25c  Code  Gb  motor.o [1]
new_tab                 0x1fff9259     0x1  Data  Gb  VCAN_UI_VAR.o [1]
normal_error            0x1fff8788     0x4  Data  Gb  steer.o [1]
normal_final            0x1fff878c     0x4  Data  Gb  steer.o [1]
nrf_handler             0x00008879   0x108  Code  Gb  VCAN_NRF24L0.o [1]
nrf_init                0x000085cd    0xa8  Code  Gb  VCAN_NRF24L0.o [1]
nrf_irq_tx_addr         0x1fff91e0     0x4  Data  Gb  VCAN_NRF24L0.o [1]
nrf_irq_tx_flag         0x1fff9258     0x1  Data  Gb  VCAN_NRF24L0.o [1]
nrf_irq_tx_pnum         0x1fff91e4     0x4  Data  Gb  VCAN_NRF24L0.o [1]
nrf_link_check          0x00008713    0x78  Code  Gb  VCAN_NRF24L0.o [1]
nrf_mode                0x1fff9254     0x1  Data  Gb  VCAN_NRF24L0.o [1]
nrf_readbuf             0x000086eb    0x28  Code  Lc  VCAN_NRF24L0.o [1]
nrf_readreg             0x0000869b    0x28  Code  Lc  VCAN_NRF24L0.o [1]
nrf_rx_flag             0x1fff9257     0x1  Data  Gb  VCAN_NRF24L0.o [1]
nrf_rx_front            0x1fff9255     0x1  Data  Gb  VCAN_NRF24L0.o [1]
nrf_rx_mode             0x0000878b    0x50  Code  Lc  VCAN_NRF24L0.o [1]
nrf_rx_rear             0x1fff9256     0x1  Data  Gb  VCAN_NRF24L0.o [1]
nrf_tx                  0x00008823    0x56  Code  Gb  VCAN_NRF24L0.o [1]
nrf_tx_mode             0x000087db    0x48  Code  Lc  VCAN_NRF24L0.o [1]
nrf_writebuf            0x000086c3    0x28  Code  Lc  VCAN_NRF24L0.o [1]
nrf_writereg            0x00008675    0x26  Code  Lc  VCAN_NRF24L0.o [1]
num                     0x1fff924f     0x1  Data  Gb  main.o [1]
num_info                0x1fff11a0   0x168  Data  Gb  VCAN_UI_VAR.o [1]
obuf                    0x1fff91ec    0x50  Data  Lc  xfiles.o [3]
out_flag_left1          0x1fff2a44     0x4  Data  Gb  define.o [1]
out_flag_left2          0x1fff2a48     0x4  Data  Gb  define.o [1]
out_flag_right1         0x1fff2a60     0x4  Data  Gb  define.o [1]
out_flag_right2         0x1fff2a64     0x4  Data  Gb  define.o [1]
out_left_str            0x1fff2a4c     0x4  Data  Gb  define.o [1]
out_right_str           0x1fff2a68     0x4  Data  Gb  define.o [1]
out_round_pluse         0x1fff2a7c     0x4  Data  Gb  define.o [1]
ov7725_eagle_cfgnum     0x1fff1154     0x1  Data  Gb  VCAN_OV7725_Eagle.o [1]
ov7725_eagle_dma        0x00008479    0x14  Code  Gb  VCAN_OV7725_Eagle.o [1]
ov7725_eagle_get_img    0x0000848d    0x42  Code  Gb  VCAN_OV7725_Eagle.o [1]
ov7725_eagle_img_buff   0x1fff91e8     0x4  Data  Gb  VCAN_OV7725_Eagle.o [1]
ov7725_eagle_img_flag   0x1fff10ec     0x1  Data  Gb  VCAN_OV7725_Eagle.o [1]
ov7725_eagle_init       0x000083c1    0x18  Code  Gb  VCAN_OV7725_Eagle.o [1]
ov7725_eagle_port_init  0x000083d9    0x54  Code  Lc  VCAN_OV7725_Eagle.o [1]
ov7725_eagle_reg        0x1fff10f0    0x64  Data  Gb  VCAN_OV7725_Eagle.o [1]
ov7725_eagle_reg_init   0x000084cf    0xb0  Code  Lc  VCAN_OV7725_Eagle.o [1]
ov7725_eagle_vsync      0x0000842d    0x4c  Code  Gb  VCAN_OV7725_Eagle.o [1]
pit_init                0x0000a531    0x6c  Code  Gb  MK60_PIT.o [1]
pll_init                0x0000cd5b    0xb2  Code  Gb  MK60_mcg.o [1]
pluse                   0x1fff87a0     0x4  Data  Gb  steer.o [1]
podao_flag              0x1fff2a90     0x4  Data  Gb  define.o [1]
podao_pluse             0x1fff2a70     0x4  Data  Gb  define.o [1]
port_init               0x000021e9    0x44  Code  Gb  MK60_port.o [1]
port_init_NoALT         0x0000222d    0x62  Code  Gb  MK60_port.o [1]
printf                  0x000024bd    0x24  Code  Gb  printf.o [3]
putchar                 0x0000d6b5     0xc  Code  Gb  putchar.o [3]
right_black             0x1fff2ea0   0xc80  Data  Gb  picture.o [1]
right_cs                0x1fff0fbc    0xc8  Data  Gb  motor.o [1]
right_max_to_min        0x1fff2a5c     0x4  Data  Gb  define.o [1]
right_min               0x1fff8784     0x4  Data  Gb  steer.o [1]
right_min_to_max        0x1fff2a58     0x4  Data  Gb  define.o [1]
round_left_flag         0x1fff2a2c     0x4  Data  Gb  define.o [1]
round_left_flag1        0x1fff2a30     0x4  Data  Gb  define.o [1]
round_pluse             0x1fff2a74     0x4  Data  Gb  define.o [1]
round_pluse1            0x1fff2a78     0x4  Data  Gb  define.o [1]
round_right_flag        0x1fff2a50     0x4  Data  Gb  define.o [1]
round_right_flag1       0x1fff2a54     0x4  Data  Gb  define.o [1]
run_flag                0x1fff2e34     0x4  Data  Gb  main.o [1]
save_var                0x00007e55    0x2a  Code  Gb  VCAN_UI_VAR.o [1]
save_var2buff           0x000082f7    0x1e  Code  Gb  VCAN_UI_VAR.o [1]
send_key_msg            0x0000281f    0x62  Code  Gb  VCAN_key.o [1]
set_sys_dividers        0x1fff14c1    0x50  Code  Gb  MK60_mcg.o [1]
set_vector_handler      0x0000a503    0x22  Code  Gb  misc.o [1]
show                    0x00007699   0x398  Code  Gb  main.o [1]
site                    0x1fff2aa8     0x4  Data  Gb  define.o [1]
size                    0x1fff0470     0x4  Data  Gb  define.o [1]
speed                   0x1fff0660    0xc4  Data  Gb  fuzzy.o [1]
speed1                  0x1fff2e9c     0x4  Data  Gb  motor.o [1]
speed_set               0x00008b6f   0x354  Code  Gb  motor.o [1]
spi_init                0x0000ae4d   0x32c  Code  Gb  MK60_spi.o [1]
spi_mosi                0x0000b179   0x110  Code  Gb  MK60_spi.o [1]
spi_mosi_cmd            0x0000b289   0x20c  Code  Gb  MK60_spi.o [1]
spot_flag               0x1fff0468     0x4  Data  Gb  define.o [1]
st7735s_dir             0x1fff9253     0x1  Data  Gb  VCAN_LCD_ST7735S.o [1]
st7735s_h               0x1fff10d4     0x2  Data  Gb  VCAN_LCD_ST7735S.o [1]
st7735s_w               0x1fff10d6     0x2  Data  Gb  VCAN_LCD_ST7735S.o [1]
start                   0x0000cff1    0x22  Code  Gb  system_MK60DZ10.o [1]
start_check             0x00002361    0x9a  Code  Gb  MK60_conf.o [1]
steer_D                 0x1fff2d7c     0x4  Data  Gb  define.o [1]
steer_P                 0x1fff2d78     0x4  Data  Gb  define.o [1]
steer_control           0x000053b9    0xcc  Code  Gb  steer.o [1]
steer_duty              0x1fff2d8c     0x4  Data  Gb  define.o [1]
steer_ec                0x1fff2dac     0x4  Data  Gb  define.o [1]
steer_error             0x1fff2d80     0x4  Data  Gb  define.o [1]
steer_error_get         0x00003f65  0x142c  Code  Gb  steer.o [1]
steer_init              0x00003f51    0x12  Code  Gb  steer.o [1]
steer_out               0x00005489    0x10  Code  Gb  steer.o [1]
stop                    0x1fff2db0     0x4  Data  Gb  define.o [1]
str_Yes_pluse           0x1fff2a84     0x4  Data  Gb  define.o [1]
straight_pluse          0x1fff2a80     0x4  Data  Gb  define.o [1]
strchr                  0x000035a1          Code  Gb  strchr.o [5]
strlen                  0x000035b9          Code  Gb  strlen.o [5]
sub_speed               0x1fff8778     0x4  Data  Gb  steer.o [1]
sysinit                 0x0000d013    0x3c  Code  Gb  system_MK60DZ10.o [1]
systick_delay           0x00002299    0x36  Code  Gb  MK60_SysTick.o [1]
systick_delay_ms        0x000022cf    0x18  Code  Gb  MK60_SysTick.o [1]
this_car                0x1fff2aa4     0x4  Data  Gb  define.o [1]
uart_getchar            0x0000270b    0x1c  Code  Gb  MK60_uart.o [1]
uart_init               0x000024f7   0x214  Code  Gb  MK60_uart.o [1]
uart_putchar            0x00002727    0x1a  Code  Gb  MK60_uart.o [1]
uart_rx_irq_en          0x00002741    0x2a  Code  Gb  MK60_uart.o [1]
val_cancel              0x000081e1    0x3a  Code  Gb  VCAN_UI_VAR.o [1]
var0                    0x1fff2db4     0x4  Data  Gb  define.o [1]
var1                    0x1fff2db8     0x4  Data  Gb  define.o [1]
var10                   0x1fff2ddc     0x4  Data  Gb  define.o [1]
var11                   0x1fff2de0     0x4  Data  Gb  define.o [1]
var12                   0x1fff2de4     0x4  Data  Gb  define.o [1]
var13                   0x1fff2de8     0x4  Data  Gb  define.o [1]
var14                   0x1fff2dec     0x4  Data  Gb  define.o [1]
var15                   0x1fff2df0     0x4  Data  Gb  define.o [1]
var16                   0x1fff2df4     0x4  Data  Gb  define.o [1]
var17                   0x1fff2df8     0x4  Data  Gb  define.o [1]
var2                    0x1fff2dbc     0x4  Data  Gb  define.o [1]
var3                    0x1fff2dc0     0x4  Data  Gb  define.o [1]
var4                    0x1fff2dc4     0x4  Data  Gb  define.o [1]
var5                    0x1fff2dc8     0x4  Data  Gb  define.o [1]
var6                    0x1fff2dcc     0x4  Data  Gb  define.o [1]
var7                    0x1fff2dd0     0x4  Data  Gb  define.o [1]
var8                    0x1fff2dd4     0x4  Data  Gb  define.o [1]
var9                    0x1fff2dd8     0x4  Data  Gb  define.o [1]
var_addr                0x1fff1158    0x48  Data  Gb  VCAN_UI_VAR.o [1]
var_display             0x0000821b    0xdc  Code  Gb  VCAN_UI_VAR.o [1]
var_init                0x00007ded    0x68  Code  Gb  VCAN_UI_VAR.o [1]
var_ok                  0x00008143    0x9e  Code  Gb  VCAN_UI_VAR.o [1]
var_select              0x0000809d    0xa6  Code  Gb  VCAN_UI_VAR.o [1]
var_syn                 0x00008315    0x6c  Code  Gb  VCAN_UI_VAR.o [1]
var_value               0x00007e8f   0x20e  Code  Gb  VCAN_UI_VAR.o [1]
vector_str              0x1fff074c   0x708  Data  Gb  MK60_conf.o [1]
wdog_disable            0x0000d121    0x16  Code  Gb  MK60_wdog.o [1]
wdog_unlock             0x0000d137    0x20  Code  Lc  MK60_wdog.o [1]
write_vtor              0x0000a4e1    0x22  Code  Gb  misc.o [1]
yuanhuan_direction      0x1fff2a28     0x4  Data  Gb  define.o [1]


[1] = C:\Users\SKY\Desktop\My Document\程序\2018智能车国赛—电磁矮车\Prj\IAR\DZ10_Debug\Obj
[2] = command line
[3] = dl7M_tlf.a
[4] = m7M_tl.a
[5] = rt7M_tl.a

  46 880 bytes of readonly  code memory
     456 bytes of readwrite code memory
   8 306 bytes of readonly  data memory
  36 106 bytes of readwrite data memory

Errors: none
Warnings: none
